Component: ARM Compiler 5.05 update 1 (build 106) Tool: armlink [4d0efa]

==============================================================================

Section Cross References

    main.o(.text) refers to control.o(.text) for control_run
    main.o(.text) refers to rt_memclr_w.o(.text) for __aeabi_memclr4
    main.o(.text) refers to misc.o(.text) for NVIC_SetVectorTable
    main.o(.text) refers to system_init.o(.text) for System_Init
    main.o(.text) refers to delay.o(.text) for delay_ms
    main.o(.text) refers to cmd.o(.text) for Cfg_Model
    main.o(.text) refers to uart_485.o(.text) for water_err
    main.o(.text) refers to wdg.o(.text) for IWDG_Feed
    main.o(.text) refers to stmflash.o(.bss) for MY_CONFIG
    main.o(.text) refers to usart.o(.data) for USART1_GetCmd
    main.o(.text) refers to cmd.o(.data) for Get_cmd
    system_init.o(.text) refers to sys.o(.text) for NVIC_Configuration
    system_init.o(.text) refers to delay.o(.text) for delay_init
    system_init.o(.text) refers to control.o(.text) for control_init
    system_init.o(.text) refers to config.o(.text) for Config_Init
    system_init.o(.text) refers to remote.o(.text) for Remote_init
    system_init.o(.text) refers to receive.o(.text) for Receive_init
    system_init.o(.text) refers to usart.o(.text) for USART1_Init
    system_init.o(.text) refers to drv_as62.o(.text) for AS32_Param_Init
    system_init.o(.text) refers to cmd.o(.text) for TIM4_TIMEout_init
    system_init.o(.text) refers to uart_485.o(.text) for USART3_Init
    system_init.o(.text) refers to wdg.o(.text) for IWDG_Init
    delay.o(.text) refers to misc.o(.text) for SysTick_CLKSourceConfig
    delay.o(.text) refers to system_stm32f10x.o(.data) for SystemCoreClock
    delay.o(.text) refers to delay.o(.data) for fac_us
    sys.o(.text) refers to misc.o(.text) for NVIC_PriorityGroupConfig
    usart.o(.text) refers (Special) to use_no_semi_2.o(.text) for __use_no_semihosting
    usart.o(.text) refers to stm32f10x_rcc.o(.text) for RCC_APB2PeriphClockCmd
    usart.o(.text) refers to stm32f10x_usart.o(.text) for USART_DeInit
    usart.o(.text) refers to stm32f10x_gpio.o(.text) for GPIO_Init
    usart.o(.text) refers to misc.o(.text) for NVIC_Init
    usart.o(.text) refers to usart.o(.data) for RET_NUM
    usart.o(.text) refers to usart.o(.bss) for USART_RX_BUF
    usart.o(.text) refers to stmflash.o(.bss) for MY_CONFIG
    usart.o(.bss) refers (Special) to use_no_semi_2.o(.text) for __use_no_semihosting
    usart.o(.data) refers (Special) to use_no_semi_2.o(.text) for __use_no_semihosting
    config.o(.text) refers to stmflash.o(.text) for Load_Config
    config.o(.text) refers to stmflash.o(.bss) for MY_CONFIG
    config.o(.text) refers to usart.o(.text) for RECV_MODE1_IRQ
    config.o(.text) refers to usart.o(.data) for RECV_IRQHandler
    config.o(.text) refers to cmd.o(.text) for Get_cmd_MODE1
    config.o(.text) refers to cmd.o(.data) for Get_cmd
    config.o(.text) refers to cmd1.o(.text) for Get_cmd_NEW_MODE
    drv_as62.o(.text) refers to stm32f10x_rcc.o(.text) for RCC_APB2PeriphClockCmd
    drv_as62.o(.text) refers to stm32f10x_usart.o(.text) for USART_ITConfig
    drv_as62.o(.text) refers to stm32f10x_gpio.o(.text) for GPIO_Init
    drv_as62.o(.text) refers to delay.o(.text) for delay_ms
    drv_as62.o(.text) refers to usart.o(.text) for USART1_tx_bytes
    crc8_16.o(.text) refers to crc8_16.o(.constdata) for auchCRCHi
    cmd.o(.text) refers to control.o(.text) for control_run
    cmd.o(.text) refers to remote.o(.text) for Remote_GetState
    cmd.o(.text) refers to crc8_16.o(.text) for Get_Crc16
    cmd.o(.text) refers to drv_as62.o(.text) for AS32_TX_none
    cmd.o(.text) refers to cmd.o(.data) for MY_OFFTIME
    cmd.o(.text) refers to stmflash.o(.bss) for MY_CONFIG
    cmd.o(.text) refers to cmd.o(.constdata) for GREE_ON
    cmd.o(.text) refers to config.o(.text) for Set_MyStyle
    cmd.o(.text) refers to stmflash.o(.text) for Save_Config
    cmd.o(.text) refers to rt_memclr_w.o(.text) for __aeabi_memclr4
    cmd.o(.text) refers to cmd1.o(.text) for MyDevice_On
    cmd.o(.text) refers to receive.o(.text) for Receive_Cmd
    cmd.o(.text) refers to stm32f10x_rcc.o(.text) for RCC_APB1PeriphClockCmd
    cmd.o(.text) refers to stm32f10x_tim.o(.text) for TIM_TimeBaseInit
    cmd.o(.text) refers to misc.o(.text) for NVIC_Init
    cmd1.o(.text) refers to crc8_16.o(.text) for Get_Crc16
    cmd1.o(.text) refers to drv_as62.o(.text) for AS32_TX_none
    cmd1.o(.text) refers to delay.o(.text) for delay_ms
    cmd1.o(.text) refers to control.o(.text) for control_run
    cmd1.o(.text) refers to receive.o(.text) for Clear_Cupture
    cmd1.o(.text) refers to stmflash.o(.text) for Save_Config
    cmd1.o(.text) refers to rt_memclr_w.o(.text) for __aeabi_memclr4
    cmd1.o(.text) refers to config.o(.text) for Config_Init
    cmd1.o(.text) refers to stmflash.o(.bss) for MY_CONFIG
    cmd1.o(.text) refers to cmd.o(.text) for Cmd_cs_off
[...]
    rtexit.o(.ARM.exidx) refers to rtexit.o(.ARM.Collect$$rtexit$$00000000) for .ARM.Collect$$rtexit$$00000000
    libinit2.o(.ARM.Collect$$libinit$$00000010) refers to libinit2.o(.ARM.Collect$$libinit$$0000000F) for .ARM.Collect$$libinit$$0000000F
    libinit2.o(.ARM.Collect$$libinit$$00000012) refers to libinit2.o(.ARM.Collect$$libinit$$0000000F) for .ARM.Collect$$libinit$$0000000F
    libinit2.o(.ARM.Collect$$libinit$$00000014) refers to libinit2.o(.ARM.Collect$$libinit$$0000000F) for .ARM.Collect$$libinit$$0000000F
    libinit2.o(.ARM.Collect$$libinit$$00000016) refers to libinit2.o(.ARM.Collect$$libinit$$0000000F) for .ARM.Collect$$libinit$$0000000F
    libinit2.o(.ARM.Collect$$libinit$$00000018) refers to libinit2.o(.ARM.Collect$$libinit$$0000000F) for .ARM.Collect$$libinit$$0000000F
    libinit2.o(.ARM.Collect$$libinit$$00000026) refers to argv_veneer.o(.emb_text) for __ARM_argv_veneer
    libinit2.o(.ARM.Collect$$libinit$$00000027) refers to argv_veneer.o(.emb_text) for __ARM_argv_veneer
    rtexit2.o(.ARM.Collect$$rtexit$$00000003) refers to libshutdown.o(.ARM.Collect$$libshutdown$$00000000) for __rt_lib_shutdown
    rtexit2.o(.ARM.Collect$$rtexit$$00000004) refers to usart.o(.text) for _sys_exit
    rtexit2.o(.ARM.exidx) refers to rtexit2.o(.ARM.Collect$$rtexit$$00000001) for .ARM.Collect$$rtexit$$00000001
    rtexit2.o(.ARM.exidx) refers to rtexit2.o(.ARM.Collect$$rtexit$$00000003) for .ARM.Collect$$rtexit$$00000003
    rtexit2.o(.ARM.exidx) refers to rtexit2.o(.ARM.Collect$$rtexit$$00000004) for .ARM.Collect$$rtexit$$00000004
    argv_veneer.o(.emb_text) refers to no_argv.o(.text) for __ARM_get_argv
    _get_argv_nomalloc.o(.text) refers (Special) to hrguard.o(.text) for __heap_region$guard
    _get_argv_nomalloc.o(.text) refers to defsig_rtmem_outer.o(.text) for __rt_SIGRTMEM
    _get_argv_nomalloc.o(.text) refers to sys_command.o(.text) for _sys_command_string
    libshutdown.o(.ARM.Collect$$libshutdown$$00000000) refers (Special) to libshutdown2.o(.ARM.Collect$$libshutdown$$00000006) for __rt_lib_shutdown_fp_trap_1
    libshutdown.o(.ARM.Collect$$libshutdown$$00000000) refers (Special) to libshutdown2.o(.ARM.Collect$$libshutdown$$0000000E) for __rt_lib_shutdown_heap_1
    libshutdown.o(.ARM.Collect$$libshutdown$$00000000) refers (Special) to libshutdown2.o(.ARM.Collect$$libshutdown$$0000000F) for __rt_lib_shutdown_return
    libshutdown.o(.ARM.Collect$$libshutdown$$00000000) refers (Special) to libshutdown2.o(.ARM.Collect$$libshutdown$$00000009) for __rt_lib_shutdown_signal_1
    libshutdown.o(.ARM.Collect$$libshutdown$$00000000) refers (Special) to libshutdown2.o(.ARM.Collect$$libshutdown$$00000003) for __rt_lib_shutdown_stdio_1
    libshutdown.o(.ARM.Collect$$libshutdown$$00000000) refers (Special) to libshutdown2.o(.ARM.Collect$$libshutdown$$0000000B) for __rt_lib_shutdown_user_alloc_1
    sys_command.o(.text) refers (Special) to use_no_semi.o(.text) for __I$use$semihosting
    sys_command.o(.text) refers (Special) to indicate_semi.o(.text) for __semihosting_library_function
    defsig_rtmem_outer.o(.text) refers to defsig_rtmem_inner.o(.text) for __rt_SIGRTMEM_inner
    defsig_rtmem_outer.o(.text) refers to defsig_exit.o(.text) for __sig_exit
    defsig_rtmem_formal.o(.text) refers to rt_raise.o(.text) for __rt_raise
    rt_raise.o(.text) refers to __raise.o(.text) for __raise
    rt_raise.o(.text) refers to usart.o(.text) for _sys_exit
    defsig_exit.o(.text) refers to usart.o(.text) for _sys_exit
    defsig_rtmem_inner.o(.text) refers to defsig_general.o(.text) for __default_signal_display
    __raise.o(.text) refers to defsig.o(CL$$defsig) for __default_signal_handler
    defsig_general.o(.text) refers to sys_wrch.o(.text) for _ttywrch
    sys_wrch.o(.text) refers (Special) to use_no_semi.o(.text) for __I$use$semihosting
    sys_wrch.o(.text) refers (Special) to indicate_semi.o(.text) for __semihosting_library_function
    defsig.o(CL$$defsig) refers to defsig_rtmem_inner.o(.text) for __rt_SIGRTMEM_inner
    defsig_abrt_inner.o(.text) refers to defsig_general.o(.text) for __default_signal_display
    defsig_fpe_inner.o(.text) refers to defsig_general.o(.text) for __default_signal_display
    defsig_rtred_inner.o(.text) refers to defsig_general.o(.text) for __default_signal_display
    defsig_stak_inner.o(.text) refers to defsig_general.o(.text) for __default_signal_display
    defsig_pvfn_inner.o(.text) refers to defsig_general.o(.text) for __default_signal_display
    defsig_cppl_inner.o(.text) refers to defsig_general.o(.text) for __default_signal_display
    defsig_segv_inner.o(.text) refers to defsig_general.o(.text) for __default_signal_display
    defsig_other.o(.text) refers to defsig_general.o(.text) for __default_signal_display


==============================================================================

Removing Unused input sections from the image.

    Removing drv_as62.o(.data), (6 bytes).
    Removing core_cm3.o(.emb_text), (32 bytes).
    Removing stm32f10x_bkp.o(.text), (196 bytes).
    Removing stm32f10x_pwr.o(.text), (204 bytes).
    Removing stm32f10x_rtc.o(.text), (328 bytes).
    Removing stm32f10x_spi.o(.text), (780 bytes).
    Removing stm32f10x_exti.o(.text), (284 bytes).

7 unused section(s) (total 1830 bytes) removed from the image.

==============================================================================

Image Symbol Table

    Local Symbols

    Symbol Name                              Value     Ov Type        Size  Object(Section)

    ../clib/angel/boardlib.s                 0x00000000   Number         0  boardshut.o ABSOLUTE
    ../clib/angel/boardlib.s                 0x00000000   Number         0  boardinit3.o ABSOLUTE
    ../clib/angel/boardlib.s                 0x00000000   Number         0  boardinit2.o ABSOLUTE
    ../clib/angel/boardlib.s                 0x00000000   Number         0  boardinit1.o ABSOLUTE
    ../clib/angel/handlers.s                 0x00000000   Number         0  __scatter_copy.o ABSOLUTE
    ../clib/angel/handlers.s                 0x00000000   Number         0  __scatter_zi.o ABSOLUTE
    ../clib/angel/kernel.s                   0x00000000   Number         0  rtexit2.o ABSOLUTE
    ../clib/angel/kernel.s                   0x00000000   Number         0  __rtentry.o ABSOLUTE
    ../clib/angel/kernel.s                   0x00000000   Number         0  __rtentry2.o ABSOLUTE
    ../clib/angel/kernel.s                   0x00000000   Number         0  __rtentry4.o ABSOLUTE
    ../clib/angel/kernel.s                   0x00000000   Number         0  rtexit.o ABSOLUTE
    ../clib/angel/rt.s                       0x00000000   Number         0  rt_raise.o ABSOLUTE
    ../clib/angel/scatter.s                  0x00000000   Number         0  __scatter.o ABSOLUTE
    ../clib/angel/startup.s                  0x00000000   Number         0  __main.o ABSOLUTE
    ../clib/angel/sys.s                      0x00000000   Number         0  indicate_semi.o ABSOLUTE
    ../clib/angel/sys.s                      0x00000000   Number         0  use_no_semi_2.o ABSOLUTE
    ../clib/angel/sys.s                      0x00000000   Number         0  sys_stackheap_outer.o ABSOLUTE
    ../clib/angel/sys.s                      0x00000000   Number         0  use_no_semi.o ABSOLUTE
    ../clib/angel/sys.s                      0x00000000   Number         0  libspace.o ABSOLUTE
    ../clib/angel/sysapp.c                   0x00000000   Number         0  sys_command.o ABSOLUTE
    ../clib/angel/sysapp.c                   0x00000000   Number         0  sys_wrch.o ABSOLUTE
    ../clib/armsys.c                         0x00000000   Number         0  argv_veneer.o ABSOLUTE
    ../clib/armsys.c                         0x00000000   Number         0  argv_veneer.o ABSOLUTE
    ../clib/armsys.c                         0x00000000   Number         0  _get_argv_nomalloc.o ABSOLUTE
    ../clib/armsys.c                         0x00000000   Number         0  no_argv.o ABSOLUTE
    ../clib/heapalloc.c                      0x00000000   Number         0  hrguard.o ABSOLUTE
    ../clib/heapaux.c                        0x00000000   Number         0  heapauxi.o ABSOLUTE
    ../clib/libinit.s                        0x00000000   Number         0  libshutdown2.o ABSOLUTE
    ../clib/libinit.s                        0x00000000   Number         0  libinit.o ABSOLUTE
    ../clib/libinit.s                        0x00000000   Number         0  libinit2.o ABSOLUTE
    ../clib/libinit.s                        0x00000000   Number         0  libshutdown.o ABSOLUTE
    ../clib/memcpset.s                       0x00000000   Number         0  rt_memclr_w.o ABSOLUTE
    ../clib/signal.c                         0x00000000   Number         0  __raise.o ABSOLUTE
    ../clib/signal.c                         0x00000000   Number         0  defsig_cppl_inner.o ABSOLUTE
    ../clib/signal.c                         0x00000000   Number         0  defsig_pvfn_inner.o ABSOLUTE
    ../clib/signal.c                         0x00000000   Number         0  defsig_segv_inner.o ABSOLUTE
    ../clib/signal.c                         0x00000000   Number         0  defsig_other.o ABSOLUTE
    ../clib/signal.c                         0x00000000   Number         0  defsig_rtmem_formal.o ABSOLUTE
    ../clib/signal.c                         0x00000000   Number         0  defsig_rtmem_inner.o ABSOLUTE
    ../clib/signal.c                         0x00000000   Number         0  defsig_exit.o ABSOLUTE
    ../clib/signal.c                         0x00000000   Number         0  defsig_rtmem_outer.o ABSOLUTE
    ../clib/signal.c                         0x00000000   Number         0  defsig_stak_inner.o ABSOLUTE
    ../clib/signal.c                         0x00000000   Number         0  defsig_rtred_inner.o ABSOLUTE
    ../clib/signal.c                         0x00000000   Number         0  defsig_fpe_inner.o ABSOLUTE
    ../clib/signal.c                         0x00000000   Number         0  defsig_abrt_inner.o ABSOLUTE
    ../clib/signal.c                         0x00000000   Number         0  defsig_general.o ABSOLUTE
    ../clib/signal.s                         0x00000000   Number         0  defsig.o ABSOLUTE
    ../clib/stdlib.c                         0x00000000   Number         0  exit.o ABSOLUTE
    ../fplib/fpinit.s                        0x00000000   Number         0  fpinit.o ABSOLUTE
    HARDWARE\CONTR\control.c                 0x00000000   Number         0  control.o ABSOLUTE
    HARDWARE\HMI\hmi_usart.c                 0x00000000   Number         0  hmi_usart.o ABSOLUTE
    HARDWARE\REMOTE\receive.c                0x00000000   Number         0  receive.o ABSOLUTE
    HARDWARE\REMOTE\remote.c                 0x00000000   Number         0  remote.o ABSOLUTE
    HARDWARE\STMFLASH\stmflash.c             0x00000000   Number         0  stmflash.o ABSOLUTE
    HARDWARE\UART_485\uart_485.c             0x00000000   Number         0  uart_485.o ABSOLUTE
    HARDWARE\WDG\wdg.c                       0x00000000   Number         0  wdg.o ABSOLUTE
    app\AS62\drv_AS62.c                      0x00000000   Number         0  drv_as62.o ABSOLUTE
    app\CMD\cmd.c                            0x00000000   Number         0  cmd.o ABSOLUTE
    app\CMD\cmd1.c                           0x00000000   Number         0  cmd1.o ABSOLUTE
    app\CRC\crc8_16.c                        0x00000000   Number         0  crc8_16.o ABSOLUTE
    dc.s                                     0x00000000   Number         0  dc.o ABSOLUTE
    libraries\src\misc.c                     0x00000000   Number         0  misc.o ABSOLUTE
    libraries\src\stm32f10x_bkp.c            0x00000000   Number         0  stm32f10x_bkp.o ABSOLUTE
    libraries\src\stm32f10x_exti.c           0x00000000   Number         0  stm32f10x_exti.o ABSOLUTE
    libraries\src\stm32f10x_flash.c          0x00000000   Number         0  stm32f10x_flash.o ABSOLUTE
    libraries\src\stm32f10x_gpio.c           0x00000000   Number         0  stm32f10x_gpio.o ABSOLUTE
    libraries\src\stm32f10x_iwdg.c           0x00000000   Number         0  stm32f10x_iwdg.o ABSOLUTE
    libraries\src\stm32f10x_pwr.c            0x00000000   Number         0  stm32f10x_pwr.o ABSOLUTE
    libraries\src\stm32f10x_rcc.c            0x00000000   Number         0  stm32f10x_rcc.o ABSOLUTE
    libraries\src\stm32f10x_rtc.c            0x00000000   Number         0  stm32f10x_rtc.o ABSOLUTE
    libraries\src\stm32f10x_spi.c            0x00000000   Number         0  stm32f10x_spi.o ABSOLUTE
    libraries\src\stm32f10x_tim.c            0x00000000   Number         0  stm32f10x_tim.o ABSOLUTE
    libraries\src\stm32f10x_usart.c          0x00000000   Number         0  stm32f10x_usart.o ABSOLUTE
    startup\\core_cm3.c                      0x00000000   Number         0  core_cm3.o ABSOLUTE
    startup\core_cm3.c                       0x00000000   Number         0  core_cm3.o ABSOLUTE
    startup\startup_stm32f10x_md.s           0x00000000   Number         0  startup_stm32f10x_md.o ABSOLUTE
    startup\system_stm32f10x.c               0x00000000   Number         0  system_stm32f10x.o ABSOLUTE
    system\config.c                          0x00000000   Number         0  config.o ABSOLUTE
    system\delay\delay.c                     0x00000000   Number         0  delay.o ABSOLUTE
    system\sys\sys.c                         0x00000000   Number         0  sys.o ABSOLUTE
    system\usart\usart.c                     0x00000000   Number         0  usart.o ABSOLUTE
    user\main.c                              0x00000000   Number         0  main.o ABSOLUTE
    user\stm32f10x_it.c                      0x00000000   Number         0  stm32f10x_it.o ABSOLUTE
    user\system_init.c                       0x00000000   Number         0  system_init.o ABSOLUTE
    RESET                                    0x08002800   Section      236  startup_stm32f10x_md.o(RESET)
    !!!main                                  0x080028ec   Section        8  __main.o(!!!main)
    !!!scatter                               0x080028f4   Section       52  __scatter.o(!!!scatter)
    !!handler_copy                           0x08002928   Section       26  __scatter_copy.o(!!handler_copy)
    !!handler_zi                             0x08002944   Section       28  __scatter_zi.o(!!handler_zi)
    .ARM.Collect$$libinit$$00000000          0x08002960   Section        2  libinit.o(.ARM.Collect$$libinit$$00000000)
    .ARM.Collect$$libinit$$00000002          0x08002962   Section        0  libinit2.o(.ARM.Collect$$libinit$$00000002)
    .ARM.Collect$$libinit$$00000004          0x08002962   Section        0  libinit2.o(.ARM.Collect$$libinit$$00000004)
    .ARM.Collect$$libinit$$0000000A          0x08002962   Section        0  libinit2.o(.ARM.Collect$$libinit$$0000000A)
    .ARM.Collect$$libinit$$0000000C          0x08002962   Section        0  libinit2.o(.ARM.Collect$$libinit$$0000000C)
    .ARM.Collect$$libinit$$0000000E          0x08002962   Section        0  libinit2.o(.ARM.Collect$$libinit$$0000000E)
    .ARM.Collect$$libinit$$00000011          0x08002962   Section        0  libinit2.o(.ARM.Collect$$libinit$$00000011)
    .ARM.Collect$$libinit$$00000013          0x08002962   Section        0  libinit2.o(.ARM.Collect$$libinit$$00000013)
    .ARM.Collect$$libinit$$00000015          0x08002962   Section        0  libinit2.o(.ARM.Collect$$libinit$$00000015)
    .ARM.Collect$$libinit$$00000017          0x08002962   Section        0  libinit2.o(.ARM.Collect$$libinit$$00000017)
    .ARM.Collect$$libinit$$00000019          0x08002962   Section        0  libinit2.o(.ARM.Collect$$libinit$$00000019)
    .ARM.Collect$$libinit$$0000001B          0x08002962   Section        0  libinit2.o(.ARM.Collect$$libinit$$0000001B)
    .ARM.Collect$$libinit$$0000001D          0x08002962   Section        0  libinit2.o(.ARM.Collect$$libinit$$0000001D)
    .ARM.Collect$$libinit$$0000001F          0x08002962   Section        0  libinit2.o(.ARM.Collect$$libinit$$0000001F)
    .ARM.Collect$$libinit$$00000021          0x08002962   Section        0  libinit2.o(.ARM.Collect$$libinit$$00000021)
    .ARM.Collect$$libinit$$00000023          0x08002962   Section        0  libinit2.o(.ARM.Collect$$libinit$$00000023)
    .ARM.Collect$$libinit$$00000025          0x08002962   Section        0  libinit2.o(.ARM.Collect$$libinit$$00000025)
    .ARM.Collect$$libinit$$0000002C          0x08002962   Section        0  libinit2.o(.ARM.Collect$$libinit$$0000002C)
    .ARM.Collect$$libinit$$0000002E          0x08002962   Section        0  libinit2.o(.ARM.Collect$$libinit$$0000002E)
    .ARM.Collect$$libinit$$00000030          0x08002962   Section        0  libinit2.o(.ARM.Collect$$libinit$$00000030)
    .ARM.Collect$$libinit$$00000032          0x08002962   Section        0  libinit2.o(.ARM.Collect$$libinit$$00000032)
    .ARM.Collect$$libinit$$00000033          0x08002962   Section        2  libinit2.o(.ARM.Collect$$libinit$$00000033)
    .ARM.Collect$$libshutdown$$00000000      0x08002964   Section        2  libshutdown.o(.ARM.Collect$$libshutdown$$00000000)
    .ARM.Collect$$libshutdown$$00000003      0x08002966   Section        0  libshutdown2.o(.ARM.Collect$$libshutdown$$00000003)
    .ARM.Collect$$libshutdown$$00000006      0x08002966   Section        0  libshutdown2.o(.ARM.Collect$$libshutdown$$00000006)
    .ARM.Collect$$libshutdown$$00000009      0x08002966   Section        0  libshutdown2.o(.ARM.Collect$$libshutdown$$00000009)
    .ARM.Collect$$libshutdown$$0000000B      0x08002966   Section        0  libshutdown2.o(.ARM.Collect$$libshutdown$$0000000B)
    .ARM.Collect$$libshutdown$$0000000E      0x08002966   Section        0  libshutdown2.o(.ARM.Collect$$libshutdown$$0000000E)
    .ARM.Collect$$libshutdown$$0000000F      0x08002966   Section        2  libshutdown2.o(.ARM.Collect$$libshutdown$$0000000F)
    .ARM.Collect$$rtentry$$00000000          0x08002968   Section        0  __rtentry.o(.ARM.Collect$$rtentry$$00000000)
    .ARM.Collect$$rtentry$$00000002          0x08002968   Section        0  __rtentry2.o(.ARM.Collect$$rtentry$$00000002)
    .ARM.Collect$$rtentry$$00000004          0x08002968   Section        6  __rtentry4.o(.ARM.Collect$$rtentry$$00000004)
    .ARM.Collect$$rtentry$$00000009          0x0800296e   Section        0  __rtentry2.o(.ARM.Collect$$rtentry$$00000009)
    .ARM.Collect$$rtentry$$0000000A          0x0800296e   Section        4  __rtentry2.o(.ARM.Collect$$rtentry$$0000000A)
    .ARM.Collect$$rtentry$$0000000C          0x08002972   Section        0  __rtentry2.o(.ARM.Collect$$rtentry$$0000000C)
    .ARM.Collect$$rtentry$$0000000D          0x08002972   Section        8  __rtentry2.o(.ARM.Collect$$rtentry$$0000000D)
    .ARM.Collect$$rtexit$$00000000           0x0800297a   Section        2  rtexit.o(.ARM.Collect$$rtexit$$00000000)
    .ARM.Collect$$rtexit$$00000002           0x0800297c   Section        0  rtexit2.o(.ARM.Collect$$rtexit$$00000002)
    .ARM.Collect$$rtexit$$00000003           0x0800297c   Section        4  rtexit2.o(.ARM.Collect$$rtexit$$00000003)
    .ARM.Collect$$rtexit$$00000004           0x08002980   Section        6  rtexit2.o(.ARM.Collect$$rtexit$$00000004)
    .text                                    0x08002988   Section        0  main.o(.text)
    .text                                    0x08002a78   Section        0  stm32f10x_it.o(.text)
    .text                                    0x08002a92   Section        0  system_init.o(.text)
    .text                                    0x08002ad4   Section        0  delay.o(.text)
    .text                                    0x08002ba8   Section        0  sys.o(.text)
    .text                                    0x08002bb4   Section        0  usart.o(.text)
    Get_BuffData                             0x08002c8b   Thumb Code    78  usart.o(.text)
    See_BuffData                             0x08002cd9   Thumb Code    32  usart.o(.text)
    See_BuffNextData                         0x08002cf9   Thumb Code    26  usart.o(.text)
    .text                                    0x08003224   Section        0  config.o(.text)
    .text                                    0x0800334c   Section        0  drv_as62.o(.text)
    .text                                    0x080034a8   Section        0  crc8_16.o(.text)
    .text                                    0x08003518   Section        0  cmd.o(.text)
    .text                                    0x08004790   Section        0  cmd1.o(.text)
    .text                                    0x08005174   Section        0  system_stm32f10x.o(.text)
    SetSysClockTo72                          0x08005175   Thumb Code   214  system_stm32f10x.o(.text)
    SetSysClock                              0x0800524b   Thumb Code     8  system_stm32f10x.o(.text)
    .text                                    0x08005354   Section       64  startup_stm32f10x_md.o(.text)
    .text                                    0x08005394   Section        0  stm32f10x_gpio.o(.text)
    .text                                    0x080056f0   Section        0  stm32f10x_usart.o(.text)
    .text                                    0x08005af8   Section        0  stm32f10x_rcc.o(.text)
    .text                                    0x08005e9c   Section        0  misc.o(.text)
    .text                                    0x08005f78   Section        0  stm32f10x_tim.o(.text)
    TI4_Config                               0x0800641f   Thumb Code   130  stm32f10x_tim.o(.text)
    TI3_Config                               0x080064b3   Thumb Code   122  stm32f10x_tim.o(.text)
    TI2_Config                               0x08006547   Thumb Code   130  stm32f10x_tim.o(.text)
    TI1_Config                               0x080065db   Thumb Code   108  stm32f10x_tim.o(.text)
    .text                                    0x08006d94   Section        0  stm32f10x_flash.o(.text)
    .text                                    0x08007350   Section        0  stm32f10x_iwdg.o(.text)
    .text                                    0x08007390   Section        0  control.o(.text)
    .text                                    0x08007484   Section        0  remote.o(.text)
    .text                                    0x08007bbc   Section        0  receive.o(.text)
    .text                                    0x08007ec0   Section        0  stmflash.o(.text)
    .text                                    0x080080bc   Section        0  hmi_usart.o(.text)
    Get_BuffData                             0x08008251   Thumb Code    74  hmi_usart.o(.text)
    See_BuffData                             0x0800829b   Thumb Code    32  hmi_usart.o(.text)
    See_BuffNextData                         0x080082bb   Thumb Code    26  hmi_usart.o(.text)
    .text                                    0x08008320   Section        0  uart_485.o(.text)
    .text                                    0x080086d0   Section        0  wdg.o(.text)
    .text                                    0x080086fc   Section        2  use_no_semi_2.o(.text)
    .text                                    0x080086fe   Section       78  rt_memclr_w.o(.text)
    .text                                    0x0800874c   Section        0  heapauxi.o(.text)
    .text                                    0x08008752   Section        2  use_no_semi.o(.text)
    .text                                    0x08008754   Section       74  sys_stackheap_outer.o(.text)
    .text                                    0x0800879e   Section        0  exit.o(.text)
    .text                                    0x080087ac   Section        8  libspace.o(.text)
    .constdata                               0x080087b4   Section      512  crc8_16.o(.constdata)
    .constdata                               0x080089b4   Section       80  cmd.o(.constdata)
    .data                                    0x20000000   Section        4  delay.o(.data)
    fac_us                                   0x20000000   Data           1  delay.o(.data)
    fac_ms                                   0x20000002   Data           2  delay.o(.data)
    .data                                    0x20000004   Section       30  usart.o(.data)
    RX_START                                 0x20000008   Data           2  usart.o(.data)
    RET_START                                0x2000000a   Data           2  usart.o(.data)
    MODE2_IF_RECV                            0x2000000c   Data           1  usart.o(.data)
    RET_NUM                                  0x20000010   Data           2  usart.o(.data)
    USART1_IDE                               0x20000012   Data           1  usart.o(.data)
    old                                      0x2000001c   Data           1  usart.o(.data)
    now                                      0x2000001d   Data           1  usart.o(.data)
    type                                     0x2000001e   Data           1  usart.o(.data)
    want_length                              0x20000020   Data           2  usart.o(.data)
    .data                                    0x20000024   Section       22  cmd.o(.data)
    CS_BUSY_TIME                             0x20000028   Data           2  cmd.o(.data)
    CS_LAST_CMD                              0x2000002a   Data           1  cmd.o(.data)
    ERR_CONT                                 0x20000030   Data           1  cmd.o(.data)
    ERR_TYPE                                 0x20000031   Data           1  cmd.o(.data)
    KEYS                                     0x20000032   Data           1  cmd.o(.data)
    connect                                  0x20000033   Data           1  cmd.o(.data)
    big_cmd                                  0x20000034   Data           1  cmd.o(.data)
    i                                        0x20000035   Data           1  cmd.o(.data)
    key_time                                 0x20000036   Data           1  cmd.o(.data)
    key_valid                                0x20000037   Data           1  cmd.o(.data)
    ms10                                     0x20000038   Data           2  cmd.o(.data)
    .data                                    0x2000003c   Section        5  cmd1.o(.data)
    i                                        0x20000040   Data           1  cmd1.o(.data)
    .data                                    0x20000044   Section       20  system_stm32f10x.o(.data)
    .data                                    0x20000058   Section       20  stm32f10x_rcc.o(.data)
    APBAHBPrescTable                         0x20000058   Data          16  stm32f10x_rcc.o(.data)
    ADCPrescTable                            0x20000068   Data           4  stm32f10x_rcc.o(.data)
    .data                                    0x2000006c   Section       14  remote.o(.data)
    TIME_BUZZ                                0x2000006c   Data           1  remote.o(.data)
    TIME_US                                  0x2000006e   Data           2  remote.o(.data)
    RETOME_TIMES                             0x20000070   Data           2  remote.o(.data)
    Remote_IRQHandler                        0x20000074   Data           4  remote.o(.data)
    is_hight                                 0x20000078   Data           1  remote.o(.data)
    is_hight                                 0x20000079   Data           1  remote.o(.data)
    .data                                    0x2000007c   Section       10  receive.o(.data)
    RECEIVE_ENABLE                           0x20000080   Data           1  receive.o(.data)
    .data                                    0x20000086   Section        6  hmi_usart.o(.data)
    RX2_START                                0x20000086   Data           2  hmi_usart.o(.data)
    RET2_START                               0x20000088   Data           2  hmi_usart.o(.data)
    RET2_NUM                                 0x2000008a   Data           2  hmi_usart.o(.data)
    .data                                    0x2000008c   Section        8  uart_485.o(.data)
    .bss                                     0x20000094   Section      100  usart.o(.bss)
    .bss                                     0x200000f8   Section        9  remote.o(.bss)
    BUFF_DATA                                0x200000f8   Data           9  remote.o(.bss)
    .bss                                     0x20000102   Section     1024  receive.o(.bss)
    .bss                                     0x20000502   Section     1224  stmflash.o(.bss)
    .bss                                     0x200009ca   Section       50  hmi_usart.o(.bss)
    .bss                                     0x200009fc   Section      100  uart_485.o(.bss)
    .bss                                     0x20000a60   Section       96  libspace.o(.bss)
    HEAP                                     0x20000ac0   Section      512  startup_stm32f10x_md.o(HEAP)
    Heap_Mem                                 0x20000ac0   Data         512  startup_stm32f10x_md.o(HEAP)
    STACK                                    0x20000cc0   Section     1024  startup_stm32f10x_md.o(STACK)
    Stack_Mem                                0x20000cc0   Data        1024  startup_stm32f10x_md.o(STACK)
    __initial_sp                             0x200010c0   Data           0  startup_stm32f10x_md.o(STACK)

    Global Symbols

    Symbol Name                              Value     Ov Type        Size  Object(Section)

    BuildAttributes$$THM_ISAv4$P$D$K$B$S$PE$A:L22UL41UL21$X:L11$S22US41US21$IEEE1$IW$USESV6$~STKCKD$USESV7$~SHL$OSPACE$ROPI$EBA8$UX$STANDARDLIB$REQ8$PRES8$EABIv2 0x00000000   Number         0  anon$$obj.o ABSOLUTE
    __ARM_use_no_argv                        0x00000000   Number         0  main.o ABSOLUTE
    __ARM_exceptions_init                     - Undefined Weak Reference
    __alloca_initialize                       - Undefined Weak Reference
    __arm_preinit_                            - Undefined Weak Reference
    __cpp_initialize__aeabi_                  - Undefined Weak Reference
    __cxa_finalize                            - Undefined Weak Reference
    __rt_locale                               - Undefined Weak Reference
    __sigvec_lookup                           - Undefined Weak Reference
    _atexit_init                              - Undefined Weak Reference
    _call_atexit_fns                          - Undefined Weak Reference
    _clock_init                               - Undefined Weak Reference
    _fp_trap_init                             - Undefined Weak Reference
    _fp_trap_shutdown                         - Undefined Weak Reference
    _get_lc_collate                           - Undefined Weak Reference
    _get_lc_ctype                             - Undefined Weak Reference
    _get_lc_monetary                          - Undefined Weak Reference
    _get_lc_numeric                           - Undefined Weak Reference
    _get_lc_time                              - Undefined Weak Reference
    _getenv_init                              - Undefined Weak Reference
    _handle_redirection                       - Undefined Weak Reference
    _init_alloc                               - Undefined Weak Reference
    _init_user_alloc                          - Undefined Weak Reference
    _initio                                   - Undefined Weak Reference
    _rand_init                                - Undefined Weak Reference
    _signal_finish                            - Undefined Weak Reference
    _signal_init                              - Undefined Weak Reference
    _terminate_alloc                          - Undefined Weak Reference
    _terminate_user_alloc                     - Undefined Weak Reference
    _terminateio                              - Undefined Weak Reference
    __Vectors_Size                           0x000000ec   Number         0  startup_stm32f10x_md.o ABSOLUTE
    __Vectors                                0x08002800   Data           4  startup_stm32f10x_md.o(RESET)
    __Vectors_End                            0x080028ec   Data           0  startup_stm32f10x_md.o(RESET)
    __main                                   0x080028ed   Thumb Code     8  __main.o(!!!main)
    __scatterload                            0x080028f5   Thumb Code     0  __scatter.o(!!!scatter)
    __scatterload_rt2                        0x080028f5   Thumb Code    44  __scatter.o(!!!scatter)
    __scatterload_rt2_thumb_only             0x080028f5   Thumb Code     0  __scatter.o(!!!scatter)
    __scatterload_null                       0x08002903   Thumb Code     0  __scatter.o(!!!scatter)
    __scatterload_copy                       0x08002929   Thumb Code    26  __scatter_copy.o(!!handler_copy)
    __scatterload_zeroinit                   0x08002945   Thumb Code    28  __scatter_zi.o(!!handler_zi)
    __rt_lib_init                            0x08002961   Thumb Code     0  libinit.o(.ARM.Collect$$libinit$$00000000)
    __rt_lib_init_alloca_1                   0x08002963   Thumb Code     0  libinit2.o(.ARM.Collect$$libinit$$0000002E)
    __rt_lib_init_argv_1                     0x08002963   Thumb Code     0  libinit2.o(.ARM.Collect$$libinit$$0000002C)
    __rt_lib_init_atexit_1                   0x08002963   Thumb Code     0  libinit2.o(.ARM.Collect$$libinit$$0000001B)
    __rt_lib_init_clock_1                    0x08002963   Thumb Code     0  libinit2.o(.ARM.Collect$$libinit$$00000021)
    __rt_lib_init_cpp_1                      0x08002963   Thumb Code     0  libinit2.o(.ARM.Collect$$libinit$$00000032)
    __rt_lib_init_exceptions_1               0x08002963   Thumb Code     0  libinit2.o(.ARM.Collect$$libinit$$00000030)
    __rt_lib_init_fp_1                       0x08002963   Thumb Code     0  libinit2.o(.ARM.Collect$$libinit$$00000002)
    __rt_lib_init_fp_trap_1                  0x08002963   Thumb Code     0  libinit2.o(.ARM.Collect$$libinit$$0000001F)
    __rt_lib_init_getenv_1                   0x08002963   Thumb Code     0  libinit2.o(.ARM.Collect$$libinit$$00000023)
    __rt_lib_init_heap_1                     0x08002963   Thumb Code     0  libinit2.o(.ARM.Collect$$libinit$$0000000A)
    __rt_lib_init_lc_collate_1               0x08002963   Thumb Code     0  libinit2.o(.ARM.Collect$$libinit$$00000011)
    __rt_lib_init_lc_ctype_1                 0x08002963   Thumb Code     0  libinit2.o(.ARM.Collect$$libinit$$00000013)
    __rt_lib_init_lc_monetary_1              0x08002963   Thumb Code     0  libinit2.o(.ARM.Collect$$libinit$$00000015)
    __rt_lib_init_lc_numeric_1               0x08002963   Thumb Code     0  libinit2.o(.ARM.Collect$$libinit$$00000017)
    __rt_lib_init_lc_time_1                  0x08002963   Thumb Code     0  libinit2.o(.ARM.Collect$$libinit$$00000019)
    __rt_lib_init_preinit_1                  0x08002963   Thumb Code     0  libinit2.o(.ARM.Collect$$libinit$$00000004)
    __rt_lib_init_rand_1                     0x08002963   Thumb Code     0  libinit2.o(.ARM.Collect$$libinit$$0000000E)
    __rt_lib_init_return                     0x08002963   Thumb Code     0  libinit2.o(.ARM.Collect$$libinit$$00000033)
    __rt_lib_init_signal_1                   0x08002963   Thumb Code     0  libinit2.o(.ARM.Collect$$libinit$$0000001D)
    __rt_lib_init_stdio_1                    0x08002963   Thumb Code     0  libinit2.o(.ARM.Collect$$libinit$$00000025)
    __rt_lib_init_user_alloc_1               0x08002963   Thumb Code     0  libinit2.o(.ARM.Collect$$libinit$$0000000C)
    __rt_lib_shutdown                        0x08002965   Thumb Code     0  libshutdown.o(.ARM.Collect$$libshutdown$$00000000)
    __rt_lib_shutdown_fp_trap_1              0x08002967   Thumb Code     0  libshutdown2.o(.ARM.Collect$$libshutdown$$00000006)
    __rt_lib_shutdown_heap_1                 0x08002967   Thumb Code     0  libshutdown2.o(.ARM.Collect$$libshutdown$$0000000E)
    __rt_lib_shutdown_return                 0x08002967   Thumb Code     0  libshutdown2.o(.ARM.Collect$$libshutdown$$0000000F)
    __rt_lib_shutdown_signal_1               0x08002967   Thumb Code     0  libshutdown2.o(.ARM.Collect$$libshutdown$$00000009)
    __rt_lib_shutdown_stdio_1                0x08002967   Thumb Code     0  libshutdown2.o(.ARM.Collect$$libshutdown$$00000003)
    __rt_lib_shutdown_user_alloc_1           0x08002967   Thumb Code     0  libshutdown2.o(.ARM.Collect$$libshutdown$$0000000B)
    __rt_entry                               0x08002969   Thumb Code     0  __rtentry.o(.ARM.Collect$$rtentry$$00000000)
    __rt_entry_presh_1                       0x08002969   Thumb Code     0  __rtentry2.o(.ARM.Collect$$rtentry$$00000002)
    __rt_entry_sh                            0x08002969   Thumb Code     0  __rtentry4.o(.ARM.Collect$$rtentry$$00000004)
    __rt_entry_li                            0x0800296f   Thumb Code     0  __rtentry2.o(.ARM.Collect$$rtentry$$0000000A)
    __rt_entry_postsh_1                      0x0800296f   Thumb Code     0  __rtentry2.o(.ARM.Collect$$rtentry$$00000009)
    __rt_entry_main                          0x08002973   Thumb Code     0  __rtentry2.o(.ARM.Collect$$rtentry$$0000000D)
    __rt_entry_postli_1                      0x08002973   Thumb Code     0  __rtentry2.o(.ARM.Collect$$rtentry$$0000000C)
    __rt_exit                                0x0800297b   Thumb Code     0  rtexit.o(.ARM.Collect$$rtexit$$00000000)
    __rt_exit_ls                             0x0800297d   Thumb Code     0  rtexit2.o(.ARM.Collect$$rtexit$$00000003)
    __rt_exit_prels_1                        0x0800297d   Thumb Code     0  rtexit2.o(.ARM.Collect$$rtexit$$00000002)
    __rt_exit_exit                           0x08002981   Thumb Code     0  rtexit2.o(.ARM.Collect$$rtexit$$00000004)
    DeviceLEDType                            0x08002989   Thumb Code    94  main.o(.text)
    main                                     0x080029e7   Thumb Code   118  main.o(.text)
    NMI_Handler                              0x08002a79   Thumb Code     2  stm32f10x_it.o(.text)
    HardFault_Handler                        0x08002a7b   Thumb Code     4  stm32f10x_it.o(.text)
    MemManage_Handler                        0x08002a7f   Thumb Code     4  stm32f10x_it.o(.text)
    BusFault_Handler                         0x08002a83   Thumb Code     4  stm32f10x_it.o(.text)
    UsageFault_Handler                       0x08002a87   Thumb Code     4  stm32f10x_it.o(.text)
    SVC_Handler                              0x08002a8b   Thumb Code     2  stm32f10x_it.o(.text)
    DebugMon_Handler                         0x08002a8d   Thumb Code     2  stm32f10x_it.o(.text)
    PendSV_Handler                           0x08002a8f   Thumb Code     2  stm32f10x_it.o(.text)
    SysTick_Handler                          0x08002a91   Thumb Code     2  stm32f10x_it.o(.text)
    System_Init                              0x08002a93   Thumb Code    66  system_init.o(.text)
    delay_init                               0x08002ad5   Thumb Code    50  delay.o(.text)
    delay_us                                 0x08002b07   Thumb Code    72  delay.o(.text)
    delay_ms                                 0x08002b4f   Thumb Code    72  delay.o(.text)
    NVIC_Configuration                       0x08002ba9   Thumb Code    12  sys.o(.text)
    _sys_exit                                0x08002bb5   Thumb Code     6  usart.o(.text)
    fputc                                    0x08002bbb   Thumb Code    24  usart.o(.text)
    USART1_Init                              0x08002bd3   Thumb Code   178  usart.o(.text)
    USART1_GetFlag                           0x08002c85   Thumb Code     6  usart.o(.text)
    USART1_GetCmd_MODE1                      0x08002d13   Thumb Code   226  usart.o(.text)
    USART1_GetCmd_MODE2_1                    0x08002df5   Thumb Code   200  usart.o(.text)
    USART1_GetCmd_MODE2                      0x08002ebd   Thumb Code   210  usart.o(.text)
    RECV_MODE1_IRQ                           0x08002f8f   Thumb Code   120  usart.o(.text)
    RECV_MODE2_IRQ                           0x08003007   Thumb Code   276  usart.o(.text)
    USART1_IRQHandler                        0x0800311b   Thumb Code    82  usart.o(.text)
    USART1_tx_bytes                          0x0800316d   Thumb Code    52  usart.o(.text)
    USART1_rx_bytes                          0x080031a1   Thumb Code    86  usart.o(.text)
    Set_Addr                                 0x08003225   Thumb Code     6  config.o(.text)
    Set_MyStyle                              0x0800322b   Thumb Code    22  config.o(.text)
    Set_CJ_Addr                              0x08003241   Thumb Code    32  config.o(.text)
    Config_Init                              0x08003261   Thumb Code   200  config.o(.text)
    AS32_Param_Init                          0x0800334d   Thumb Code   134  drv_as62.o(.text)
    AS32_TX                                  0x080033d3   Thumb Code   138  drv_as62.o(.text)
    AS32_TX_none                             0x0800345d   Thumb Code    58  drv_as62.o(.text)
    Get_Crc16                                0x080034a9   Thumb Code    46  crc8_16.o(.text)
    Get_Crc8                                 0x080034d7   Thumb Code    56  crc8_16.o(.text)
    Cmd_Icant                                0x08003519   Thumb Code     2  cmd.o(.text)
    Cmd_jh_on                                0x0800351b   Thumb Code    80  cmd.o(.text)
    Cmd_jh_off                               0x0800356b   Thumb Code    78  cmd.o(.text)
    Cmd_cs_on                                0x080035b9   Thumb Code    64  cmd.o(.text)
    Cmd_cs_off                               0x080035f9   Thumb Code    62  cmd.o(.text)
    Cmd_kt_on                                0x08003637   Thumb Code   124  cmd.o(.text)
    Cmd_kt_down                              0x080036b3   Thumb Code   130  cmd.o(.text)
    Cmd_kt_up                                0x08003735   Thumb Code   128  cmd.o(.text)
    Cmd_kt_off                               0x080037b5   Thumb Code   128  cmd.o(.text)
    Cmd_return                               0x08003835   Thumb Code   298  cmd.o(.text)
    Cmd_err                                  0x0800395f   Thumb Code     2  cmd.o(.text)
    Get_cmd_MODE1                            0x08003961   Thumb Code   550  cmd.o(.text)
    Cmd_err_MODE2                            0x08003b87   Thumb Code   102  cmd.o(.text)
    Cmd_return_MODE2                         0x08003bed   Thumb Code   482  cmd.o(.text)
    Cmd_Limit_Updata                         0x08003dcf   Thumb Code   134  cmd.o(.text)
    Get_cmd_MODE2                            0x08003e55   Thumb Code  1660  cmd.o(.text)
    Get_Key                                  0x080044d1   Thumb Code    14  cmd.o(.text)
    Cfg_Model                                0x080044df   Thumb Code   318  cmd.o(.text)
    TIM4_TIMEout_init                        0x0800461d   Thumb Code    94  cmd.o(.text)
    KEY_IRQHandler                           0x0800467b   Thumb Code    78  cmd.o(.text)
    CS_BUSY_IRQ                              0x080046c9   Thumb Code    64  cmd.o(.text)
    Time_Out_IRQ                             0x08004709   Thumb Code    56  cmd.o(.text)
    TIM4_IRQHandler                          0x08004741   Thumb Code    34  cmd.o(.text)
    Return_NEW                               0x08004791   Thumb Code   106  cmd1.o(.text)
    cmd_0x09                                 0x080047fb   Thumb Code    64  cmd1.o(.text)
    cmd_0x08                                 0x0800483b   Thumb Code   184  cmd1.o(.text)
    cmd_0x07                                 0x080048f3   Thumb Code    62  cmd1.o(.text)
    cmd_0x06                                 0x08004931   Thumb Code   170  cmd1.o(.text)
    cmd_0x05                                 0x080049db   Thumb Code   360  cmd1.o(.text)
    cmd_0x04                                 0x08004b43   Thumb Code   416  cmd1.o(.text)
    MyDevice_On                              0x08004ce3   Thumb Code   204  cmd1.o(.text)
    cmd_0x03                                 0x08004daf   Thumb Code   134  cmd1.o(.text)
    cmd_0x02                                 0x08004e35   Thumb Code   188  cmd1.o(.text)
    cmd_0x01                                 0x08004ef1   Thumb Code   370  cmd1.o(.text)
    Get_cmd_NEW_MODE                         0x08005063   Thumb Code   216  cmd1.o(.text)
    Run_Time_IRQ                             0x0800513b   Thumb Code    36  cmd1.o(.text)
    SystemInit                               0x08005253   Thumb Code    78  system_stm32f10x.o(.text)
    SystemCoreClockUpdate                    0x080052a1   Thumb Code   142  system_stm32f10x.o(.text)
    Reset_Handler                            0x08005355   Thumb Code     8  startup_stm32f10x_md.o(.text)
    ADC1_2_IRQHandler                        0x0800536f   Thumb Code     0  startup_stm32f10x_md.o(.text)
    CAN1_RX1_IRQHandler                      0x0800536f   Thumb Code     0  startup_stm32f10x_md.o(.text)
    CAN1_SCE_IRQHandler                      0x0800536f   Thumb Code     0  startup_stm32f10x_md.o(.text)
    DMA1_Channel1_IRQHandler                 0x0800536f   Thumb Code     0  startup_stm32f10x_md.o(.text)
    DMA1_Channel2_IRQHandler                 0x0800536f   Thumb Code     0  startup_stm32f10x_md.o(.text)
    DMA1_Channel3_IRQHandler                 0x0800536f   Thumb Code     0  startup_stm32f10x_md.o(.text)
    DMA1_Channel4_IRQHandler                 0x0800536f   Thumb Code     0  startup_stm32f10x_md.o(.text)
    DMA1_Channel5_IRQHandler                 0x0800536f   Thumb Code     0  startup_stm32f10x_md.o(.text)
    DMA1_Channel6_IRQHandler                 0x0800536f   Thumb Code     0  startup_stm32f10x_md.o(.text)
    DMA1_Channel7_IRQHandler                 0x0800536f   Thumb Code     0  startup_stm32f10x_md.o(.text)
    EXTI0_IRQHandler                         0x0800536f   Thumb Code     0  startup_stm32f10x_md.o(.text)
    EXTI15_10_IRQHandler                     0x0800536f   Thumb Code     0  startup_stm32f10x_md.o(.text)
    EXTI1_IRQHandler                         0x0800536f   Thumb Code     0  startup_stm32f10x_md.o(.text)
    EXTI2_IRQHandler                         0x0800536f   Thumb Code     0  startup_stm32f10x_md.o(.text)
    EXTI3_IRQHandler                         0x0800536f   Thumb Code     0  startup_stm32f10x_md.o(.text)
    EXTI4_IRQHandler                         0x0800536f   Thumb Code     0  startup_stm32f10x_md.o(.text)
    EXTI9_5_IRQHandler                       0x0800536f   Thumb Code     0  startup_stm32f10x_md.o(.text)
    FLASH_IRQHandler                         0x0800536f   Thumb Code     0  startup_stm32f10x_md.o(.text)
    I2C1_ER_IRQHandler                       0x0800536f   Thumb Code     0  startup_stm32f10x_md.o(.text)
    I2C1_EV_IRQHandler                       0x0800536f   Thumb Code     0  startup_stm32f10x_md.o(.text)
    I2C2_ER_IRQHandler                       0x0800536f   Thumb Code     0  startup_stm32f10x_md.o(.text)
    I2C2_EV_IRQHandler                       0x0800536f   Thumb Code     0  startup_stm32f10x_md.o(.text)
    PVD_IRQHandler                           0x0800536f   Thumb Code     0  startup_stm32f10x_md.o(.text)
    RCC_IRQHandler                           0x0800536f   Thumb Code     0  startup_stm32f10x_md.o(.text)
    RTCAlarm_IRQHandler                      0x0800536f   Thumb Code     0  startup_stm32f10x_md.o(.text)
    RTC_IRQHandler                           0x0800536f   Thumb Code     0  startup_stm32f10x_md.o(.text)
    SPI1_IRQHandler                          0x0800536f   Thumb Code     0  startup_stm32f10x_md.o(.text)
    SPI2_IRQHandler                          0x0800536f   Thumb Code     0  startup_stm32f10x_md.o(.text)
    TAMPER_IRQHandler                        0x0800536f   Thumb Code     0  startup_stm32f10x_md.o(.text)
    TIM1_BRK_IRQHandler                      0x0800536f   Thumb Code     0  startup_stm32f10x_md.o(.text)
    TIM1_CC_IRQHandler                       0x0800536f   Thumb Code     0  startup_stm32f10x_md.o(.text)
    TIM1_TRG_COM_IRQHandler                  0x0800536f   Thumb Code     0  startup_stm32f10x_md.o(.text)
    TIM3_IRQHandler                          0x0800536f   Thumb Code     0  startup_stm32f10x_md.o(.text)
    USBWakeUp_IRQHandler                     0x0800536f   Thumb Code     0  startup_stm32f10x_md.o(.text)
    USB_HP_CAN1_TX_IRQHandler                0x0800536f   Thumb Code     0  startup_stm32f10x_md.o(.text)
    USB_LP_CAN1_RX0_IRQHandler               0x0800536f   Thumb Code     0  startup_stm32f10x_md.o(.text)
    WWDG_IRQHandler                          0x0800536f   Thumb Code     0  startup_stm32f10x_md.o(.text)
    __user_initial_stackheap                 0x08005371   Thumb Code     0  startup_stm32f10x_md.o(.text)
    GPIO_DeInit                              0x08005395   Thumb Code   172  stm32f10x_gpio.o(.text)
    GPIO_AFIODeInit                          0x08005441   Thumb Code    20  stm32f10x_gpio.o(.text)
    GPIO_Init                                0x08005455   Thumb Code   278  stm32f10x_gpio.o(.text)
    GPIO_StructInit                          0x0800556b   Thumb Code    16  stm32f10x_gpio.o(.text)
    GPIO_ReadInputDataBit                    0x0800557b   Thumb Code    18  stm32f10x_gpio.o(.text)
    GPIO_ReadInputData                       0x0800558d   Thumb Code     8  stm32f10x_gpio.o(.text)
    GPIO_ReadOutputDataBit                   0x08005595   Thumb Code    18  stm32f10x_gpio.o(.text)
    GPIO_ReadOutputData                      0x080055a7   Thumb Code     8  stm32f10x_gpio.o(.text)
    GPIO_SetBits                             0x080055af   Thumb Code     4  stm32f10x_gpio.o(.text)
    GPIO_ResetBits                           0x080055b3   Thumb Code     4  stm32f10x_gpio.o(.text)
    GPIO_WriteBit                            0x080055b7   Thumb Code    10  stm32f10x_gpio.o(.text)
    GPIO_Write                               0x080055c1   Thumb Code     4  stm32f10x_gpio.o(.text)
    GPIO_PinLockConfig                       0x080055c5   Thumb Code    18  stm32f10x_gpio.o(.text)
    GPIO_EventOutputConfig                   0x080055d7   Thumb Code    26  stm32f10x_gpio.o(.text)
    GPIO_EventOutputCmd                      0x080055f1   Thumb Code     6  stm32f10x_gpio.o(.text)
    GPIO_PinRemapConfig                      0x080055f7   Thumb Code   138  stm32f10x_gpio.o(.text)
    GPIO_EXTILineConfig                      0x08005681   Thumb Code    66  stm32f10x_gpio.o(.text)
    GPIO_ETH_MediaInterfaceConfig            0x080056c3   Thumb Code     8  stm32f10x_gpio.o(.text)
    USART_DeInit                             0x080056f1   Thumb Code   134  stm32f10x_usart.o(.text)
    USART_Init                               0x08005777   Thumb Code   210  stm32f10x_usart.o(.text)
    USART_StructInit                         0x08005849   Thumb Code    24  stm32f10x_usart.o(.text)
    USART_ClockInit                          0x08005861   Thumb Code    34  stm32f10x_usart.o(.text)
    USART_ClockStructInit                    0x08005883   Thumb Code    12  stm32f10x_usart.o(.text)
    USART_Cmd                                0x0800588f   Thumb Code    24  stm32f10x_usart.o(.text)
    USART_ITConfig                           0x080058a7   Thumb Code    74  stm32f10x_usart.o(.text)
    USART_DMACmd                             0x080058f1   Thumb Code    18  stm32f10x_usart.o(.text)
    USART_SetAddress                         0x08005903   Thumb Code    18  stm32f10x_usart.o(.text)
    USART_WakeUpConfig                       0x08005915   Thumb Code    18  stm32f10x_usart.o(.text)
    USART_ReceiverWakeUpCmd                  0x08005927   Thumb Code    24  stm32f10x_usart.o(.text)
    USART_LINBreakDetectLengthConfig         0x0800593f   Thumb Code    18  stm32f10x_usart.o(.text)
    USART_LINCmd                             0x08005951   Thumb Code    24  stm32f10x_usart.o(.text)
    USART_SendData                           0x08005969   Thumb Code     8  stm32f10x_usart.o(.text)
    USART_ReceiveData                        0x08005971   Thumb Code    10  stm32f10x_usart.o(.text)
    USART_SendBreak                          0x0800597b   Thumb Code    10  stm32f10x_usart.o(.text)
    USART_SetGuardTime                       0x08005985   Thumb Code    16  stm32f10x_usart.o(.text)
    USART_SetPrescaler                       0x08005995   Thumb Code    16  stm32f10x_usart.o(.text)
    USART_SmartCardCmd                       0x080059a5   Thumb Code    24  stm32f10x_usart.o(.text)
    USART_SmartCardNACKCmd                   0x080059bd   Thumb Code    24  stm32f10x_usart.o(.text)
    USART_HalfDuplexCmd                      0x080059d5   Thumb Code    24  stm32f10x_usart.o(.text)
    USART_OverSampling8Cmd                   0x080059ed   Thumb Code    22  stm32f10x_usart.o(.text)
    USART_OneBitMethodCmd                    0x08005a03   Thumb Code    24  stm32f10x_usart.o(.text)
    USART_IrDAConfig                         0x08005a1b   Thumb Code    18  stm32f10x_usart.o(.text)
    USART_IrDACmd                            0x08005a2d   Thumb Code    24  stm32f10x_usart.o(.text)
    USART_GetFlagStatus                      0x08005a45   Thumb Code    26  stm32f10x_usart.o(.text)
    USART_ClearFlag                          0x08005a5f   Thumb Code    18  stm32f10x_usart.o(.text)
    USART_GetITStatus                        0x08005a71   Thumb Code    84  stm32f10x_usart.o(.text)
    USART_ClearITPendingBit                  0x08005ac5   Thumb Code    52  stm32f10x_usart.o(.text)
    RCC_DeInit                               0x08005af9   Thumb Code    64  stm32f10x_rcc.o(.text)
    RCC_HSEConfig                            0x08005b39   Thumb Code    70  stm32f10x_rcc.o(.text)
    RCC_GetFlagStatus                        0x08005b7f   Thumb Code    56  stm32f10x_rcc.o(.text)
    RCC_WaitForHSEStartUp                    0x08005bb7   Thumb Code    56  stm32f10x_rcc.o(.text)
    RCC_AdjustHSICalibrationValue            0x08005bef   Thumb Code    20  stm32f10x_rcc.o(.text)
    RCC_HSICmd                               0x08005c03   Thumb Code     6  stm32f10x_rcc.o(.text)
    RCC_PLLConfig                            0x08005c09   Thumb Code    24  stm32f10x_rcc.o(.text)
    RCC_PLLCmd                               0x08005c21   Thumb Code     6  stm32f10x_rcc.o(.text)
    RCC_SYSCLKConfig                         0x08005c27   Thumb Code    18  stm32f10x_rcc.o(.text)
    RCC_GetSYSCLKSource                      0x08005c39   Thumb Code    10  stm32f10x_rcc.o(.text)
    RCC_HCLKConfig                           0x08005c43   Thumb Code    18  stm32f10x_rcc.o(.text)
    RCC_PCLK1Config                          0x08005c55   Thumb Code    18  stm32f10x_rcc.o(.text)
    RCC_PCLK2Config                          0x08005c67   Thumb Code    20  stm32f10x_rcc.o(.text)
    RCC_ITConfig                             0x08005c7b   Thumb Code    26  stm32f10x_rcc.o(.text)
    RCC_USBCLKConfig                         0x08005c95   Thumb Code     8  stm32f10x_rcc.o(.text)
    RCC_ADCCLKConfig                         0x08005c9d   Thumb Code    18  stm32f10x_rcc.o(.text)
    RCC_LSEConfig                            0x08005caf   Thumb Code    50  stm32f10x_rcc.o(.text)
    RCC_LSICmd                               0x08005ce1   Thumb Code     6  stm32f10x_rcc.o(.text)
    RCC_RTCCLKConfig                         0x08005ce7   Thumb Code    12  stm32f10x_rcc.o(.text)
    RCC_RTCCLKCmd                            0x08005cf3   Thumb Code     8  stm32f10x_rcc.o(.text)
    RCC_GetClocksFreq                        0x08005cfb   Thumb Code   192  stm32f10x_rcc.o(.text)
    RCC_AHBPeriphClockCmd                    0x08005dbb   Thumb Code    26  stm32f10x_rcc.o(.text)
    RCC_APB2PeriphClockCmd                   0x08005dd5   Thumb Code    26  stm32f10x_rcc.o(.text)
    RCC_APB1PeriphClockCmd                   0x08005def   Thumb Code    26  stm32f10x_rcc.o(.text)
    RCC_APB2PeriphResetCmd                   0x08005e09   Thumb Code    26  stm32f10x_rcc.o(.text)
    RCC_APB1PeriphResetCmd                   0x08005e23   Thumb Code    26  stm32f10x_rcc.o(.text)
    RCC_BackupResetCmd                       0x08005e3d   Thumb Code     8  stm32f10x_rcc.o(.text)
    RCC_ClockSecuritySystemCmd               0x08005e45   Thumb Code     6  stm32f10x_rcc.o(.text)
    RCC_MCOConfig                            0x08005e4b   Thumb Code     6  stm32f10x_rcc.o(.text)
    RCC_ClearFlag                            0x08005e51   Thumb Code    14  stm32f10x_rcc.o(.text)
    RCC_GetITStatus                          0x08005e5f   Thumb Code    20  stm32f10x_rcc.o(.text)
    RCC_ClearITPendingBit                    0x08005e73   Thumb Code     6  stm32f10x_rcc.o(.text)
    NVIC_PriorityGroupConfig                 0x08005e9d   Thumb Code    10  misc.o(.text)
    NVIC_Init                                0x08005ea7   Thumb Code   100  misc.o(.text)
    NVIC_SetVectorTable                      0x08005f0b   Thumb Code    14  misc.o(.text)
    NVIC_SystemLPConfig                      0x08005f19   Thumb Code    34  misc.o(.text)
    SysTick_CLKSourceConfig                  0x08005f3b   Thumb Code    40  misc.o(.text)
    TIM_DeInit                               0x08005f79   Thumb Code   424  stm32f10x_tim.o(.text)
    TIM_TimeBaseInit                         0x08006121   Thumb Code   122  stm32f10x_tim.o(.text)
    TIM_OC1Init                              0x0800619b   Thumb Code   132  stm32f10x_tim.o(.text)
    TIM_OC2Init                              0x0800621f   Thumb Code   154  stm32f10x_tim.o(.text)
    TIM_OC3Init                              0x080062b9   Thumb Code   150  stm32f10x_tim.o(.text)
    TIM_OC4Init                              0x0800634f   Thumb Code   182  stm32f10x_tim.o(.text)
    TIM_SetIC4Prescaler                      0x08006405   Thumb Code    26  stm32f10x_tim.o(.text)
    TIM_SetIC3Prescaler                      0x080064a1   Thumb Code    18  stm32f10x_tim.o(.text)
    TIM_SetIC2Prescaler                      0x0800652d   Thumb Code    26  stm32f10x_tim.o(.text)
    TIM_SetIC1Prescaler                      0x080065c9   Thumb Code    18  stm32f10x_tim.o(.text)
    TIM_ICInit                               0x08006647   Thumb Code   150  stm32f10x_tim.o(.text)
    TIM_PWMIConfig                           0x080066dd   Thumb Code   124  stm32f10x_tim.o(.text)
    TIM_BDTRConfig                           0x08006759   Thumb Code    32  stm32f10x_tim.o(.text)
    TIM_TimeBaseStructInit                   0x08006779   Thumb Code    18  stm32f10x_tim.o(.text)
    TIM_OCStructInit                         0x0800678b   Thumb Code    20  stm32f10x_tim.o(.text)
    TIM_ICStructInit                         0x0800679f   Thumb Code    18  stm32f10x_tim.o(.text)
    TIM_BDTRStructInit                       0x080067b1   Thumb Code    40  stm32f10x_tim.o(.text)
    TIM_Cmd                                  0x080067d9   Thumb Code    24  stm32f10x_tim.o(.text)
    TIM_CtrlPWMOutputs                       0x080067f1   Thumb Code    30  stm32f10x_tim.o(.text)
    TIM_ITConfig                             0x0800680f   Thumb Code    18  stm32f10x_tim.o(.text)
    TIM_GenerateEvent                        0x08006821   Thumb Code     4  stm32f10x_tim.o(.text)
    TIM_DMAConfig                            0x08006825   Thumb Code    10  stm32f10x_tim.o(.text)
    TIM_DMACmd                               0x0800682f   Thumb Code    18  stm32f10x_tim.o(.text)
    TIM_InternalClockConfig                  0x08006841   Thumb Code    12  stm32f10x_tim.o(.text)
    TIM_SelectInputTrigger                   0x0800684d   Thumb Code    18  stm32f10x_tim.o(.text)
    TIM_ITRxExternalClockConfig              0x0800685f   Thumb Code    24  stm32f10x_tim.o(.text)
    TIM_TIxExternalClockConfig               0x08006877   Thumb Code    62  stm32f10x_tim.o(.text)
    TIM_ETRConfig                            0x080068b5   Thumb Code    28  stm32f10x_tim.o(.text)
    TIM_ETRClockMode1Config                  0x080068d1   Thumb Code    54  stm32f10x_tim.o(.text)
    TIM_ETRClockMode2Config                  0x08006907   Thumb Code    32  stm32f10x_tim.o(.text)
    TIM_PrescalerConfig                      0x08006927   Thumb Code     6  stm32f10x_tim.o(.text)
    TIM_CounterModeConfig                    0x0800692d   Thumb Code    18  stm32f10x_tim.o(.text)
    TIM_EncoderInterfaceConfig               0x0800693f   Thumb Code    66  stm32f10x_tim.o(.text)
    TIM_ForcedOC1Config                      0x08006981   Thumb Code    18  stm32f10x_tim.o(.text)
    TIM_ForcedOC2Config                      0x08006993   Thumb Code    26  stm32f10x_tim.o(.text)
    TIM_ForcedOC3Config                      0x080069ad   Thumb Code    18  stm32f10x_tim.o(.text)
    TIM_ForcedOC4Config                      0x080069bf   Thumb Code    26  stm32f10x_tim.o(.text)
    TIM_ARRPreloadConfig                     0x080069d9   Thumb Code    24  stm32f10x_tim.o(.text)
    TIM_SelectCOM                            0x080069f1   Thumb Code    24  stm32f10x_tim.o(.text)
    TIM_SelectCCDMA                          0x08006a09   Thumb Code    24  stm32f10x_tim.o(.text)
    TIM_CCPreloadControl                     0x08006a21   Thumb Code    24  stm32f10x_tim.o(.text)
    TIM_OC1PreloadConfig                     0x08006a39   Thumb Code    18  stm32f10x_tim.o(.text)
    TIM_OC2PreloadConfig                     0x08006a4b   Thumb Code    26  stm32f10x_tim.o(.text)
    TIM_OC3PreloadConfig                     0x08006a65   Thumb Code    18  stm32f10x_tim.o(.text)
    TIM_OC4PreloadConfig                     0x08006a77   Thumb Code    26  stm32f10x_tim.o(.text)
    TIM_OC1FastConfig                        0x08006a91   Thumb Code    18  stm32f10x_tim.o(.text)
    TIM_OC2FastConfig                        0x08006aa3   Thumb Code    26  stm32f10x_tim.o(.text)
    TIM_OC3FastConfig                        0x08006abd   Thumb Code    18  stm32f10x_tim.o(.text)
    TIM_OC4FastConfig                        0x08006acf   Thumb Code    26  stm32f10x_tim.o(.text)
    TIM_ClearOC1Ref                          0x08006ae9   Thumb Code    18  stm32f10x_tim.o(.text)
    TIM_ClearOC2Ref                          0x08006afb   Thumb Code    24  stm32f10x_tim.o(.text)
    TIM_ClearOC3Ref                          0x08006b13   Thumb Code    18  stm32f10x_tim.o(.text)
    TIM_ClearOC4Ref                          0x08006b25   Thumb Code    24  stm32f10x_tim.o(.text)
    TIM_OC1PolarityConfig                    0x08006b3d   Thumb Code    18  stm32f10x_tim.o(.text)
    TIM_OC1NPolarityConfig                   0x08006b4f   Thumb Code    18  stm32f10x_tim.o(.text)
    TIM_OC2PolarityConfig                    0x08006b61   Thumb Code    26  stm32f10x_tim.o(.text)
    TIM_OC2NPolarityConfig                   0x08006b7b   Thumb Code    26  stm32f10x_tim.o(.text)
    TIM_OC3PolarityConfig                    0x08006b95   Thumb Code    26  stm32f10x_tim.o(.text)
    TIM_OC3NPolarityConfig                   0x08006baf   Thumb Code    26  stm32f10x_tim.o(.text)
    TIM_OC4PolarityConfig                    0x08006bc9   Thumb Code    26  stm32f10x_tim.o(.text)
    TIM_CCxCmd                               0x08006be3   Thumb Code    30  stm32f10x_tim.o(.text)
    TIM_CCxNCmd                              0x08006c01   Thumb Code    30  stm32f10x_tim.o(.text)
    TIM_SelectOCxM                           0x08006c1f   Thumb Code    82  stm32f10x_tim.o(.text)
    TIM_UpdateDisableConfig                  0x08006c71   Thumb Code    24  stm32f10x_tim.o(.text)
    TIM_UpdateRequestConfig                  0x08006c89   Thumb Code    24  stm32f10x_tim.o(.text)
    TIM_SelectHallSensor                     0x08006ca1   Thumb Code    24  stm32f10x_tim.o(.text)
    TIM_SelectOnePulseMode                   0x08006cb9   Thumb Code    18  stm32f10x_tim.o(.text)
    TIM_SelectOutputTrigger                  0x08006ccb   Thumb Code    18  stm32f10x_tim.o(.text)
    TIM_SelectSlaveMode                      0x08006cdd   Thumb Code    18  stm32f10x_tim.o(.text)
    TIM_SelectMasterSlaveMode                0x08006cef   Thumb Code    18  stm32f10x_tim.o(.text)
    TIM_SetCounter                           0x08006d01   Thumb Code     4  stm32f10x_tim.o(.text)
    TIM_SetAutoreload                        0x08006d05   Thumb Code     4  stm32f10x_tim.o(.text)
    TIM_SetCompare1                          0x08006d09   Thumb Code     4  stm32f10x_tim.o(.text)
    TIM_SetCompare2                          0x08006d0d   Thumb Code     4  stm32f10x_tim.o(.text)
    TIM_SetCompare3                          0x08006d11   Thumb Code     4  stm32f10x_tim.o(.text)
    TIM_SetCompare4                          0x08006d15   Thumb Code     6  stm32f10x_tim.o(.text)
    TIM_SetClockDivision                     0x08006d1b   Thumb Code    18  stm32f10x_tim.o(.text)
    TIM_GetCapture1                          0x08006d2d   Thumb Code     6  stm32f10x_tim.o(.text)
    TIM_GetCapture2                          0x08006d33   Thumb Code     6  stm32f10x_tim.o(.text)
    TIM_GetCapture3                          0x08006d39   Thumb Code     6  stm32f10x_tim.o(.text)
    TIM_GetCapture4                          0x08006d3f   Thumb Code     8  stm32f10x_tim.o(.text)
    TIM_GetCounter                           0x08006d47   Thumb Code     6  stm32f10x_tim.o(.text)
    TIM_GetPrescaler                         0x08006d4d   Thumb Code     6  stm32f10x_tim.o(.text)
    TIM_GetFlagStatus                        0x08006d53   Thumb Code    18  stm32f10x_tim.o(.text)
    TIM_ClearFlag                            0x08006d65   Thumb Code     6  stm32f10x_tim.o(.text)
    TIM_GetITStatus                          0x08006d6b   Thumb Code    34  stm32f10x_tim.o(.text)
    TIM_ClearITPendingBit                    0x08006d8d   Thumb Code     6  stm32f10x_tim.o(.text)
    FLASH_SetLatency                         0x08006d95   Thumb Code    18  stm32f10x_flash.o(.text)
    FLASH_HalfCycleAccessCmd                 0x08006da7   Thumb Code    22  stm32f10x_flash.o(.text)
    FLASH_PrefetchBufferCmd                  0x08006dbd   Thumb Code    22  stm32f10x_flash.o(.text)
    FLASH_Unlock                             0x08006dd3   Thumb Code    12  stm32f10x_flash.o(.text)
    FLASH_UnlockBank1                        0x08006ddf   Thumb Code    12  stm32f10x_flash.o(.text)
    FLASH_Lock                               0x08006deb   Thumb Code    14  stm32f10x_flash.o(.text)
    FLASH_LockBank1                          0x08006df9   Thumb Code    14  stm32f10x_flash.o(.text)
    FLASH_GetBank1Status                     0x08006e07   Thumb Code    48  stm32f10x_flash.o(.text)
    FLASH_WaitForLastOperation               0x08006e37   Thumb Code    38  stm32f10x_flash.o(.text)
    FLASH_ErasePage                          0x08006e5d   Thumb Code    72  stm32f10x_flash.o(.text)
    FLASH_EraseAllPages                      0x08006ea5   Thumb Code    68  stm32f10x_flash.o(.text)
    FLASH_WaitForLastBank1Operation          0x08006ee9   Thumb Code    38  stm32f10x_flash.o(.text)
    FLASH_EraseAllBank1Pages                 0x08006f0f   Thumb Code    68  stm32f10x_flash.o(.text)
    FLASH_GetReadOutProtectionStatus         0x08006f53   Thumb Code    20  stm32f10x_flash.o(.text)
    FLASH_EraseOptionBytes                   0x08006f67   Thumb Code   150  stm32f10x_flash.o(.text)
    FLASH_ProgramWord                        0x08006ffd   Thumb Code   102  stm32f10x_flash.o(.text)
    FLASH_ProgramHalfWord                    0x08007063   Thumb Code    60  stm32f10x_flash.o(.text)
    FLASH_ProgramOptionByteData              0x0800709f   Thumb Code    72  stm32f10x_flash.o(.text)
    FLASH_EnableWriteProtection              0x080070e7   Thumb Code   200  stm32f10x_flash.o(.text)
    FLASH_ReadOutProtection                  0x080071af   Thumb Code   156  stm32f10x_flash.o(.text)
    FLASH_UserOptionByteConfig               0x0800724b   Thumb Code    88  stm32f10x_flash.o(.text)
    FLASH_GetUserOptionByte                  0x080072a3   Thumb Code     8  stm32f10x_flash.o(.text)
    FLASH_GetWriteProtectionOptionByte       0x080072ab   Thumb Code     6  stm32f10x_flash.o(.text)
    FLASH_GetPrefetchBufferStatus            0x080072b1   Thumb Code    20  stm32f10x_flash.o(.text)
    FLASH_ITConfig                           0x080072c5   Thumb Code    26  stm32f10x_flash.o(.text)
    FLASH_GetFlagStatus                      0x080072df   Thumb Code    42  stm32f10x_flash.o(.text)
    FLASH_ClearFlag                          0x08007309   Thumb Code     6  stm32f10x_flash.o(.text)
    FLASH_GetStatus                          0x0800730f   Thumb Code    48  stm32f10x_flash.o(.text)
    IWDG_WriteAccessCmd                      0x08007351   Thumb Code     6  stm32f10x_iwdg.o(.text)
    IWDG_SetPrescaler                        0x08007357   Thumb Code     6  stm32f10x_iwdg.o(.text)
    IWDG_SetReload                           0x0800735d   Thumb Code     6  stm32f10x_iwdg.o(.text)
    IWDG_ReloadCounter                       0x08007363   Thumb Code    10  stm32f10x_iwdg.o(.text)
    IWDG_Enable                              0x0800736d   Thumb Code    10  stm32f10x_iwdg.o(.text)
    IWDG_GetFlagStatus                       0x08007377   Thumb Code    20  stm32f10x_iwdg.o(.text)
    control_run                              0x08007391   Thumb Code   104  control.o(.text)
    control_init                             0x080073f9   Thumb Code   120  control.o(.text)
    Remote_End                               0x08007485   Thumb Code    32  remote.o(.text)
    Remote_Start                             0x080074a5   Thumb Code    30  remote.o(.text)
    Remote_GREE                              0x080074c3   Thumb Code   542  remote.o(.text)
    Remote_init                              0x080076e1   Thumb Code   248  remote.o(.text)
    Remote_GetState                          0x080077d9   Thumb Code     6  remote.o(.text)
    Remote_MIDEA                             0x080077df   Thumb Code   570  remote.o(.text)
    Remote_send                              0x08007a19   Thumb Code    98  remote.o(.text)
    Remote_USER                              0x08007a7b   Thumb Code   152  remote.o(.text)
    Remote_send_USER                         0x08007b13   Thumb Code   120  remote.o(.text)
    TIM1_UP_IRQHandler                       0x08007b8b   Thumb Code    18  remote.o(.text)
    Receive_GetState                         0x08007bbd   Thumb Code    28  receive.o(.text)
    Receive_GetKey                           0x08007bd9   Thumb Code   142  receive.o(.text)
    Clear_Cupture                            0x08007c67   Thumb Code    32  receive.o(.text)
    Receive_SaveKey                          0x08007c87   Thumb Code    64  receive.o(.text)
    Receive_GREE                             0x08007cc7   Thumb Code   106  receive.o(.text)
    Receive_USER                             0x08007d31   Thumb Code    84  receive.o(.text)
    Receive_init                             0x08007d85   Thumb Code   192  receive.o(.text)
    Receive_Cmd                              0x08007e45   Thumb Code    16  receive.o(.text)
    ReceiveEnd_IRQHandler                    0x08007e55   Thumb Code    28  receive.o(.text)
    TIM2_IRQHandler                          0x08007e71   Thumb Code    50  receive.o(.text)
    STMFLASH_ReadHalfWord                    0x08007ec1   Thumb Code     6  stmflash.o(.text)
    STMFLASH_Write_NoCheck                   0x08007ec7   Thumb Code    38  stmflash.o(.text)
    STMFLASH_Read                            0x08007eed   Thumb Code    34  stmflash.o(.text)
    STMFLASH_Write                           0x08007f0f   Thumb Code   222  stmflash.o(.text)
    Test_Write                               0x08007fed   Thumb Code    16  stmflash.o(.text)
    Save_Config                              0x08007ffd   Thumb Code    14  stmflash.o(.text)
    Load_Config                              0x0800800b   Thumb Code    14  stmflash.o(.text)
    Save_Key_On                              0x08008019   Thumb Code    16  stmflash.o(.text)
    Save_Key_Off                             0x08008029   Thumb Code    16  stmflash.o(.text)
    Save_Key_Up                              0x08008039   Thumb Code    16  stmflash.o(.text)
    Save_Key_Down                            0x08008049   Thumb Code    16  stmflash.o(.text)
    Load_Key_On                              0x08008059   Thumb Code    16  stmflash.o(.text)
    Load_Key_Off                             0x08008069   Thumb Code    16  stmflash.o(.text)
    Load_Key_Up                              0x08008079   Thumb Code    16  stmflash.o(.text)
    Load_Key_Down                            0x08008089   Thumb Code    16  stmflash.o(.text)
    HMI_USART2_Init                          0x080080bd   Thumb Code   168  hmi_usart.o(.text)
    HMI_tx_cmd                               0x08008165   Thumb Code   104  hmi_usart.o(.text)
    USART2_IRQHandler                        0x080081cd   Thumb Code   132  hmi_usart.o(.text)
    HMI_GetCmd                               0x080082d5   Thumb Code    42  hmi_usart.o(.text)
    USART3_IRQHandler                        0x08008321   Thumb Code    50  uart_485.o(.text)
    USART3_Init                              0x08008353   Thumb Code   206  uart_485.o(.text)
    RS485_Send_Data                          0x08008421   Thumb Code    72  uart_485.o(.text)
    RS485_Receive_Data                       0x08008469   Thumb Code    72  uart_485.o(.text)
    water_err                                0x080084b1   Thumb Code   226  uart_485.o(.text)
    yiti_power                               0x08008593   Thumb Code   156  uart_485.o(.text)
    yiti_set                                 0x0800862f   Thumb Code   132  uart_485.o(.text)
    IWDG_Init                                0x080086d1   Thumb Code    36  wdg.o(.text)
    IWDG_Feed                                0x080086f5   Thumb Code     8  wdg.o(.text)
    __use_no_semihosting                     0x080086fd   Thumb Code     2  use_no_semi_2.o(.text)
    __aeabi_memclr4                          0x080086ff   Thumb Code     0  rt_memclr_w.o(.text)
    __aeabi_memclr8                          0x080086ff   Thumb Code     0  rt_memclr_w.o(.text)
    __rt_memclr_w                            0x080086ff   Thumb Code    78  rt_memclr_w.o(.text)
    _memset_w                                0x08008703   Thumb Code     0  rt_memclr_w.o(.text)
    __use_two_region_memory                  0x0800874d   Thumb Code     2  heapauxi.o(.text)
    __rt_heap_escrow$2region                 0x0800874f   Thumb Code     2  heapauxi.o(.text)
    __rt_heap_expand$2region                 0x08008751   Thumb Code     2  heapauxi.o(.text)
    __I$use$semihosting                      0x08008753   Thumb Code     0  use_no_semi.o(.text)
    __use_no_semihosting_swi                 0x08008753   Thumb Code     2  use_no_semi.o(.text)
    __user_setup_stackheap                   0x08008755   Thumb Code    74  sys_stackheap_outer.o(.text)
    exit                                     0x0800879f   Thumb Code    12  exit.o(.text)
    __user_libspace                          0x080087ad   Thumb Code     8  libspace.o(.text)
    __user_perproc_libspace                  0x080087ad   Thumb Code     0  libspace.o(.text)
    __user_perthread_libspace                0x080087ad   Thumb Code     0  libspace.o(.text)
    auchCRCHi                                0x080087b4   Data         256  crc8_16.o(.constdata)
    auchCRCLo                                0x080088b4   Data         256  crc8_16.o(.constdata)
    GREE_UP                                  0x080089b4   Data          10  cmd.o(.constdata)
    GREE_DOWN                                0x080089be   Data          10  cmd.o(.constdata)
    GREE_ON                                  0x080089c8   Data          10  cmd.o(.constdata)
    GREE_OFF                                 0x080089d2   Data          10  cmd.o(.constdata)
    MIDEA_UP                                 0x080089dc   Data          10  cmd.o(.constdata)
    MIDEA_DOWN                               0x080089e6   Data          10  cmd.o(.constdata)
    MIDEA_ON                                 0x080089f0   Data          10  cmd.o(.constdata)
    MIDEA_OFF                                0x080089fa   Data          10  cmd.o(.constdata)
    Region$$Table$$Base                      0x08008a04   Number         0  anon$$obj.o(Region$$Table)
    Region$$Table$$Limit                     0x08008a24   Number         0  anon$$obj.o(Region$$Table)
    __stdout                                 0x20000004   Data           4  usart.o(.data)
    USART_RX_STA                             0x2000000e   Data           2  usart.o(.data)
    USART1_GetCmd                            0x20000014   Data           4  usart.o(.data)
    RECV_IRQHandler                          0x20000018   Data           4  usart.o(.data)
    MY_OFFTIME                               0x20000024   Data           2  cmd.o(.data)
    CS_CANTCMD                               0x20000026   Data           2  cmd.o(.data)
    Get_cmd                                  0x2000002c   Data           4  cmd.o(.data)
    RUN_TIME_S                               0x2000003c   Data           4  cmd1.o(.data)
    SystemCoreClock                          0x20000044   Data           4  system_stm32f10x.o(.data)
    AHBPrescTable                            0x20000048   Data          16  system_stm32f10x.o(.data)
    Receive_IRQHandler                       0x2000007c   Data           4  receive.o(.data)
    RCV_NUM                                  0x20000082   Data           2  receive.o(.data)
    ALL_RCV                                  0x20000084   Data           2  receive.o(.data)
    RS485_RX_CNT                             0x2000008c   Data           1  uart_485.o(.data)
    err_shui_num                             0x20000090   Data           4  uart_485.o(.data)
    USART_RX_BUF                             0x20000094   Data         100  usart.o(.bss)
    cupture                                  0x20000102   Data        1024  receive.o(.bss)
    STMFLASH_BUF                             0x20000502   Data        1024  stmflash.o(.bss)
    MY_CONFIG                                0x20000902   Data         200  stmflash.o(.bss)
    USART2_RX_BUF                            0x200009ca   Data          50  hmi_usart.o(.bss)
    RS485_RX_BUF                             0x200009fc   Data         100  uart_485.o(.bss)
    __libspace_start                         0x20000a60   Data          96  libspace.o(.bss)
    __temporary_stack_top$libspace           0x20000ac0   Data           0  libspace.o(.bss)



==============================================================================

Memory Map of the image

  Image Entry point : 0x080028ed

  Load Region LR_IROM1 (Base: 0x08002800, Size: 0x000062b8, Max: 0x0000d800, ABSOLUTE)

    Execution Region ER_IROM1 (Base: 0x08002800, Size: 0x00006224, Max: 0x0000d800, ABSOLUTE)

    Base Addr    Size         Type   Attr      Idx    E Section Name        Object

    0x08002800   0x000000ec   Data   RO          360    RESET               startup_stm32f10x_md.o
    0x080028ec   0x00000008   Code   RO          652  * !!!main             c_w.l(__main.o)
    0x080028f4   0x00000034   Code   RO          806    !!!scatter          c_w.l(__scatter.o)
    0x08002928   0x0000001a   Code   RO          808    !!handler_copy      c_w.l(__scatter_copy.o)
    0x08002942   0x00000002   PAD
    0x08002944   0x0000001c   Code   RO          810    !!handler_zi        c_w.l(__scatter_zi.o)
    0x08002960   0x00000002   Code   RO          681    .ARM.Collect$$libinit$$00000000  c_w.l(libinit.o)
    0x08002962   0x00000000   Code   RO          688    .ARM.Collect$$libinit$$00000002  c_w.l(libinit2.o)
    0x08002962   0x00000000   Code   RO          690    .ARM.Collect$$libinit$$00000004  c_w.l(libinit2.o)
    0x08002962   0x00000000   Code   RO          693    .ARM.Collect$$libinit$$0000000A  c_w.l(libinit2.o)
    0x08002962   0x00000000   Code   RO          695    .ARM.Collect$$libinit$$0000000C  c_w.l(libinit2.o)
    0x08002962   0x00000000   Code   RO          697    .ARM.Collect$$libinit$$0000000E  c_w.l(libinit2.o)
    0x08002962   0x00000000   Code   RO          700    .ARM.Collect$$libinit$$00000011  c_w.l(libinit2.o)
    0x08002962   0x00000000   Code   RO          702    .ARM.Collect$$libinit$$00000013  c_w.l(libinit2.o)
    0x08002962   0x00000000   Code   RO          704    .ARM.Collect$$libinit$$00000015  c_w.l(libinit2.o)
    0x08002962   0x00000000   Code   RO          706    .ARM.Collect$$libinit$$00000017  c_w.l(libinit2.o)
    0x08002962   0x00000000   Code   RO          708    .ARM.Collect$$libinit$$00000019  c_w.l(libinit2.o)
    0x08002962   0x00000000   Code   RO          710    .ARM.Collect$$libinit$$0000001B  c_w.l(libinit2.o)
    0x08002962   0x00000000   Code   RO          712    .ARM.Collect$$libinit$$0000001D  c_w.l(libinit2.o)
    0x08002962   0x00000000   Code   RO          714    .ARM.Collect$$libinit$$0000001F  c_w.l(libinit2.o)
    0x08002962   0x00000000   Code   RO          716    .ARM.Collect$$libinit$$00000021  c_w.l(libinit2.o)
    0x08002962   0x00000000   Code   RO          718    .ARM.Collect$$libinit$$00000023  c_w.l(libinit2.o)
    0x08002962   0x00000000   Code   RO          720    .ARM.Collect$$libinit$$00000025  c_w.l(libinit2.o)
    0x08002962   0x00000000   Code   RO          724    .ARM.Collect$$libinit$$0000002C  c_w.l(libinit2.o)
    0x08002962   0x00000000   Code   RO          726    .ARM.Collect$$libinit$$0000002E  c_w.l(libinit2.o)
    0x08002962   0x00000000   Code   RO          728    .ARM.Collect$$libinit$$00000030  c_w.l(libinit2.o)
    0x08002962   0x00000000   Code   RO          730    .ARM.Collect$$libinit$$00000032  c_w.l(libinit2.o)
    0x08002962   0x00000002   Code   RO          731    .ARM.Collect$$libinit$$00000033  c_w.l(libinit2.o)
    0x08002964   0x00000002   Code   RO          749    .ARM.Collect$$libshutdown$$00000000  c_w.l(libshutdown.o)
    0x08002966   0x00000000   Code   RO          760    .ARM.Collect$$libshutdown$$00000003  c_w.l(libshutdown2.o)
    0x08002966   0x00000000   Code   RO          763    .ARM.Collect$$libshutdown$$00000006  c_w.l(libshutdown2.o)
    0x08002966   0x00000000   Code   RO          766    .ARM.Collect$$libshutdown$$00000009  c_w.l(libshutdown2.o)
    0x08002966   0x00000000   Code   RO          768    .ARM.Collect$$libshutdown$$0000000B  c_w.l(libshutdown2.o)
    0x08002966   0x00000000   Code   RO          771    .ARM.Collect$$libshutdown$$0000000E  c_w.l(libshutdown2.o)
    0x08002966   0x00000002   Code   RO          772    .ARM.Collect$$libshutdown$$0000000F  c_w.l(libshutdown2.o)
    0x08002968   0x00000000   Code   RO          656    .ARM.Collect$$rtentry$$00000000  c_w.l(__rtentry.o)
    0x08002968   0x00000000   Code   RO          658    .ARM.Collect$$rtentry$$00000002  c_w.l(__rtentry2.o)
    0x08002968   0x00000006   Code   RO          670    .ARM.Collect$$rtentry$$00000004  c_w.l(__rtentry4.o)
    0x0800296e   0x00000000   Code   RO          660    .ARM.Collect$$rtentry$$00000009  c_w.l(__rtentry2.o)
    0x0800296e   0x00000004   Code   RO          661    .ARM.Collect$$rtentry$$0000000A  c_w.l(__rtentry2.o)
    0x08002972   0x00000000   Code   RO          663    .ARM.Collect$$rtentry$$0000000C  c_w.l(__rtentry2.o)
    0x08002972   0x00000008   Code   RO          664    .ARM.Collect$$rtentry$$0000000D  c_w.l(__rtentry2.o)
    0x0800297a   0x00000002   Code   RO          685    .ARM.Collect$$rtexit$$00000000  c_w.l(rtexit.o)
    0x0800297c   0x00000000   Code   RO          733    .ARM.Collect$$rtexit$$00000002  c_w.l(rtexit2.o)
    0x0800297c   0x00000004   Code   RO          734    .ARM.Collect$$rtexit$$00000003  c_w.l(rtexit2.o)
    0x08002980   0x00000006   Code   RO          735    .ARM.Collect$$rtexit$$00000004  c_w.l(rtexit2.o)
    0x08002986   0x00000002   PAD
    0x08002988   0x000000f0   Code   RO            1    .text               main.o
    0x08002a78   0x0000001a   Code   RO          126    .text               stm32f10x_it.o
    0x08002a92   0x00000042   Code   RO          141    .text               system_init.o
    0x08002ad4   0x000000d4   Code   RO          153    .text               delay.o
    0x08002ba8   0x0000000c   Code   RO          170    .text               sys.o
    0x08002bb4   0x00000670   Code   RO          185    .text               usart.o
    0x08003224   0x00000128   Code   RO          212    .text               config.o
    0x0800334c   0x0000015c   Code   RO          231    .text               drv_as62.o
    0x080034a8   0x00000070   Code   RO          249    .text               crc8_16.o
    0x08003518   0x00001278   Code   RO          267    .text               cmd.o
    0x08004790   0x000009e4   Code   RO          289    .text               cmd1.o
    0x08005174   0x000001e0   Code   RO          324    .text               system_stm32f10x.o
    0x08005354   0x00000040   Code   RO          361    .text               startup_stm32f10x_md.o
    0x08005394   0x0000035c   Code   RO          365    .text               stm32f10x_gpio.o
    0x080056f0   0x00000408   Code   RO          377    .text               stm32f10x_usart.o
    0x08005af8   0x000003a4   Code   RO          389    .text               stm32f10x_rcc.o
    0x08005e9c   0x000000dc   Code   RO          415    .text               misc.o
    0x08005f78   0x00000e1a   Code   RO          427    .text               stm32f10x_tim.o
    0x08006d92   0x00000002   PAD
    0x08006d94   0x000005bc   Code   RO          487    .text               stm32f10x_flash.o
    0x08007350   0x00000040   Code   RO          499    .text               stm32f10x_iwdg.o
    0x08007390   0x000000f4   Code   RO          514    .text               control.o
    0x08007484   0x00000738   Code   RO          529    .text               remote.o
    0x08007bbc   0x00000304   Code   RO          551    .text               receive.o
    0x08007ec0   0x000001fc   Code   RO          573    .text               stmflash.o
    0x080080bc   0x00000264   Code   RO          591    .text               hmi_usart.o
    0x08008320   0x000003b0   Code   RO          610    .text               uart_485.o
    0x080086d0   0x0000002c   Code   RO          629    .text               wdg.o
    0x080086fc   0x00000002   Code   RO          646    .text               c_w.l(use_no_semi_2.o)
    0x080086fe   0x0000004e   Code   RO          648    .text               c_w.l(rt_memclr_w.o)
    0x0800874c   0x00000006   Code   RO          650    .text               c_w.l(heapauxi.o)
    0x08008752   0x00000002   Code   RO          654    .text               c_w.l(use_no_semi.o)
    0x08008754   0x0000004a   Code   RO          672    .text               c_w.l(sys_stackheap_outer.o)
    0x0800879e   0x0000000c   Code   RO          674    .text               c_w.l(exit.o)
    0x080087aa   0x00000002   PAD
    0x080087ac   0x00000008   Code   RO          682    .text               c_w.l(libspace.o)
    0x080087b4   0x00000200   Data   RO          250    .constdata          crc8_16.o
    0x080089b4   0x00000050   Data   RO          268    .constdata          cmd.o
    0x08008a04   0x00000020   Data   RO          804    Region$$Table       anon$$obj.o


    Execution Region RW_IRAM1 (Base: 0x20000000, Size: 0x000010c0, Max: 0x00005000, ABSOLUTE)

    Base Addr    Size         Type   Attr      Idx    E Section Name        Object

    0x20000000   0x00000004   Data   RW          154    .data               delay.o
    0x20000004   0x0000001e   Data   RW          187    .data               usart.o
    0x20000022   0x00000002   PAD
    0x20000024   0x00000016   Data   RW          269    .data               cmd.o
    0x2000003a   0x00000002   PAD
    0x2000003c   0x00000005   Data   RW          290    .data               cmd1.o
    0x20000041   0x00000003   PAD
    0x20000044   0x00000014   Data   RW          325    .data               system_stm32f10x.o
    0x20000058   0x00000014   Data   RW          390    .data               stm32f10x_rcc.o
    0x2000006c   0x0000000e   Data   RW          531    .data               remote.o
    0x2000007a   0x00000002   PAD
    0x2000007c   0x0000000a   Data   RW          553    .data               receive.o
    0x20000086   0x00000006   Data   RW          593    .data               hmi_usart.o
    0x2000008c   0x00000008   Data   RW          612    .data               uart_485.o
    0x20000094   0x00000064   Zero   RW          186    .bss                usart.o
    0x200000f8   0x00000009   Zero   RW          530    .bss                remote.o
    0x20000101   0x00000001   PAD
    0x20000102   0x00000400   Zero   RW          552    .bss                receive.o
    0x20000502   0x000004c8   Zero   RW          574    .bss                stmflash.o
    0x200009ca   0x00000032   Zero   RW          592    .bss                hmi_usart.o
    0x200009fc   0x00000064   Zero   RW          611    .bss                uart_485.o
    0x20000a60   0x00000060   Zero   RW          683    .bss                c_w.l(libspace.o)
    0x20000ac0   0x00000200   Zero   RW          359    HEAP                startup_stm32f10x_md.o
    0x20000cc0   0x00000400   Zero   RW          358    STACK               startup_stm32f10x_md.o


==============================================================================

Image component sizes


      Code (inc. data)   RO Data    RW Data    ZI Data      Debug   Object Name

      4728        152         80         22          0       8874   cmd.o
      2532         54          0          5          0      20824   cmd1.o
       296         36          0          0          0       1199   config.o
       244         30          0          0          0        851   control.o
         0          0          0          0          0         32   core_cm3.o
       112         10        512          0          0       1587   crc8_16.o
       212         18          0          4          0       1079   delay.o
       348         18          0          0          0       1639   drv_as62.o
       612         34          0          6         50       2802   hmi_usart.o
       240         28          0          0          0     258841   main.o
       220         22          0          0          0       1837   misc.o
       772         30          0         10       1024       3354   receive.o
      1848         80          0         14          9       3979   remote.o
        64         26        236          0       1536        824   startup_stm32f10x_md.o
      1468         34          0          0          0       8070   stm32f10x_flash.o
       860         38          0          0          0       5681   stm32f10x_gpio.o
        26          0          0          0          0       1242   stm32f10x_it.o
        64          6          0          0          0       1289   stm32f10x_iwdg.o
       932         36          0         20          0       8884   stm32f10x_rcc.o
      3610         88          0          0          0      22168   stm32f10x_tim.o
      1032         22          0          0          0       8408   stm32f10x_usart.o
       508         36          0          0       1224       4222   stmflash.o
        12          0          0          0          0        485   sys.o
        66          0          0          0          0        514   system_init.o
       480         38          0         20          0       1907   system_stm32f10x.o
       944         30          0          8        100       3546   uart_485.o
      1648         94          0         30        100       6941   usart.o
        44          0          0          0          0        678   wdg.o

    ----------------------------------------------------------------------
     23924        960        860        148       4044     381757   Object Totals
         0          0         32          0          0          0   (incl. Generated)
         2          0          0          9          1          0   (incl. Padding)

    ----------------------------------------------------------------------

      Code (inc. data)   RO Data    RW Data    ZI Data      Debug   Library Member Name

         8          0          0          0          0         68   __main.o
         0          0          0          0          0          0   __rtentry.o
        12          0          0          0          0          0   __rtentry2.o
         6          0          0          0          0          0   __rtentry4.o
        52          8          0          0          0          0   __scatter.o
        26          0          0          0          0          0   __scatter_copy.o
        28          0          0          0          0          0   __scatter_zi.o
        12          0          0          0          0         72   exit.o
         6          0          0          0          0        152   heapauxi.o
         2          0          0          0          0          0   libinit.o
         2          0          0          0          0          0   libinit2.o
         2          0          0          0          0          0   libshutdown.o
         2          0          0          0          0          0   libshutdown2.o
         8          4          0          0         96         68   libspace.o
        78          0          0          0          0         80   rt_memclr_w.o
         2          0          0          0          0          0   rtexit.o
        10          0          0          0          0          0   rtexit2.o
        74          0          0          0          0         80   sys_stackheap_outer.o
         2          0          0          0          0         68   use_no_semi.o
         2          0          0          0          0         68   use_no_semi_2.o

    ----------------------------------------------------------------------
       340         12          0          0         96        656   Library Totals
         6          0          0          0          0          0   (incl. Padding)

    ----------------------------------------------------------------------

      Code (inc. data)   RO Data    RW Data    ZI Data      Debug   Library Name

       334         12          0          0         96        656   c_w.l

    ----------------------------------------------------------------------
       340         12          0          0         96        656   Library Totals

    ----------------------------------------------------------------------

==============================================================================


      Code (inc. data)   RO Data    RW Data    ZI Data      Debug   

     24264        972        860        148       4140     379809   Grand Totals
     24264        972        860        148       4140     379809   ELF Image Totals
     24264        972        860        148          0          0   ROM Totals

==============================================================================

    Total RO  Size (Code + RO Data)                25124 (  24.54kB)
    Total RW  Size (RW Data + ZI Data)              4288 (   4.19kB)
    Total ROM Size (Code + RO Data + RW Data)      25272 (  24.68kB)

==============================================================================

